C:\Users\RT1050-Developer\Documents\MCUXpressoIDE_11.6.0_8187\Workspaces\Test\MIMXRT1052_Project\drivers/fsl_common_arm.h:210:20:_SDK_AtomicLocalClearAndSet4Byte	48	static
C:\Users\RT1050-Developer\Documents\MCUXpressoIDE_11.6.0_8187\Workspaces\Test\MIMXRT1052_Project\drivers/fsl_clock.h:1465:20:CLOCK_ControlGate	32	static
C:\Users\RT1050-Developer\Documents\MCUXpressoIDE_11.6.0_8187\Workspaces\Test\MIMXRT1052_Project\drivers/fsl_clock.h:1482:20:CLOCK_EnableClock	16	static
C:\Users\RT1050-Developer\Documents\MCUXpressoIDE_11.6.0_8187\Workspaces\Test\MIMXRT1052_Project\drivers/fsl_iomuxc.h:1092:20:IOMUXC_SetPinMux	24	static
C:\Users\RT1050-Developer\Documents\MCUXpressoIDE_11.6.0_8187\Workspaces\Test\MIMXRT1052_Project\drivers/fsl_iomuxc.h:1124:20:IOMUXC_SetPinConfig	24	static
../board/pin_mux.c:228:6:BOARD_InitBootPins	8	static
../board/pin_mux.c:247:6:BOARD_InitPins	4	static
../board/pin_mux.c:269:6:BOARD_InitDEBUG_UARTPins	16	static
../board/pin_mux.c:332:6:BOARD_InitSDRAMPins	16	static
../board/pin_mux.c:408:6:BOARD_InitCSIPins	16	static
../board/pin_mux.c:466:6:BOARD_InitLCDPins	16	static
../board/pin_mux.c:530:6:BOARD_InitCANPins	16	static
../board/pin_mux.c:562:6:BOARD_InitENETPins	16	static
../board/pin_mux.c:598:6:BOARD_InitUSDHCPins	16	static
../board/pin_mux.c:636:6:BOARD_InitHyperFlashPins	16	static
