Archive member included to satisfy reference by file (symbol)

c:/nxp/mcuxpressoide_11.6.0_8187/ide/plugins/com.nxp.mcuxpresso.tools.win32_11.6.0.202112161359/tools/bin/../lib/gcc/arm-none-eabi/10.3.1/../../../../arm-none-eabi/lib/thumb/v7e-m+fp/hard\libcr_nohost_nf.a(_cr__main.o)
                              ./startup/startup_mimxrt1052.o (__main)
c:/nxp/mcuxpressoide_11.6.0_8187/ide/plugins/com.nxp.mcuxpresso.tools.win32_11.6.0.202112161359/tools/bin/../lib/gcc/arm-none-eabi/10.3.1/../../../../arm-none-eabi/lib/thumb/v7e-m+fp/hard\libcr_c.a(memcpy.o)
                              ./utilities/fsl_str.o (memcpy)
c:/nxp/mcuxpressoide_11.6.0_8187/ide/plugins/com.nxp.mcuxpresso.tools.win32_11.6.0.202112161359/tools/bin/../lib/gcc/arm-none-eabi/10.3.1/../../../../arm-none-eabi/lib/thumb/v7e-m+fp/hard\libcr_c.a(memset.o)
                              ./utilities/fsl_debug_console.o (memset)
c:/nxp/mcuxpressoide_11.6.0_8187/ide/plugins/com.nxp.mcuxpresso.tools.win32_11.6.0.202112161359/tools/bin/../lib/gcc/arm-none-eabi/10.3.1/../../../../arm-none-eabi/lib/thumb/v7e-m+fp/hard\libcr_c.a(alloc.o)
                              ./drivers/fsl_common.o (malloc)
c:/nxp/mcuxpressoide_11.6.0_8187/ide/plugins/com.nxp.mcuxpresso.tools.win32_11.6.0.202112161359/tools/bin/../lib/gcc/arm-none-eabi/10.3.1/../../../../arm-none-eabi/lib/thumb/v7e-m+fp/hard\libcr_c.a(errno.o)
                              ./utilities/fsl_str.o (errno)
c:/nxp/mcuxpressoide_11.6.0_8187/ide/plugins/com.nxp.mcuxpresso.tools.win32_11.6.0.202112161359/tools/bin/../lib/gcc/arm-none-eabi/10.3.1/../../../../arm-none-eabi/lib/thumb/v7e-m+fp/hard\libcr_c.a(initio.o)
                              c:/nxp/mcuxpressoide_11.6.0_8187/ide/plugins/com.nxp.mcuxpresso.tools.win32_11.6.0.202112161359/tools/bin/../lib/gcc/arm-none-eabi/10.3.1/../../../../arm-none-eabi/lib/thumb/v7e-m+fp/hard\libcr_nohost_nf.a(_cr__main.o) (_initio)
c:/nxp/mcuxpressoide_11.6.0_8187/ide/plugins/com.nxp.mcuxpresso.tools.win32_11.6.0.202112161359/tools/bin/../lib/gcc/arm-none-eabi/10.3.1/../../../../arm-none-eabi/lib/thumb/v7e-m+fp/hard\libcr_c.a(scanf.o)
                              ./utilities/fsl_str.o (strtoul)
c:/nxp/mcuxpressoide_11.6.0_8187/ide/plugins/com.nxp.mcuxpresso.tools.win32_11.6.0.202112161359/tools/bin/../lib/gcc/arm-none-eabi/10.3.1/../../../../arm-none-eabi/lib/thumb/v7e-m+fp/hard\libcr_c.a(setvbuf.o)
                              c:/nxp/mcuxpressoide_11.6.0_8187/ide/plugins/com.nxp.mcuxpresso.tools.win32_11.6.0.202112161359/tools/bin/../lib/gcc/arm-none-eabi/10.3.1/../../../../arm-none-eabi/lib/thumb/v7e-m+fp/hard\libcr_c.a(initio.o) (setvbuf)
c:/nxp/mcuxpressoide_11.6.0_8187/ide/plugins/com.nxp.mcuxpresso.tools.win32_11.6.0.202112161359/tools/bin/../lib/gcc/arm-none-eabi/10.3.1/../../../../arm-none-eabi/lib/thumb/v7e-m+fp/hard\libcr_c.a(strlen.o)
                              ./utilities/fsl_str.o (strlen)
c:/nxp/mcuxpressoide_11.6.0_8187/ide/plugins/com.nxp.mcuxpresso.tools.win32_11.6.0.202112161359/tools/bin/../lib/gcc/arm-none-eabi/10.3.1/../../../../arm-none-eabi/lib/thumb/v7e-m+fp/hard\libcr_c.a(ungetc.o)
                              c:/nxp/mcuxpressoide_11.6.0_8187/ide/plugins/com.nxp.mcuxpresso.tools.win32_11.6.0.202112161359/tools/bin/../lib/gcc/arm-none-eabi/10.3.1/../../../../arm-none-eabi/lib/thumb/v7e-m+fp/hard\libcr_c.a(scanf.o) (ungetc)
c:/nxp/mcuxpressoide_11.6.0_8187/ide/plugins/com.nxp.mcuxpresso.tools.win32_11.6.0.202112161359/tools/bin/../lib/gcc/arm-none-eabi/10.3.1/../../../../arm-none-eabi/lib/thumb/v7e-m+fp/hard\libcr_c.a(__fillbuf.o)
                              c:/nxp/mcuxpressoide_11.6.0_8187/ide/plugins/com.nxp.mcuxpresso.tools.win32_11.6.0.202112161359/tools/bin/../lib/gcc/arm-none-eabi/10.3.1/../../../../arm-none-eabi/lib/thumb/v7e-m+fp/hard\libcr_c.a(scanf.o) (__filbuf)
c:/nxp/mcuxpressoide_11.6.0_8187/ide/plugins/com.nxp.mcuxpresso.tools.win32_11.6.0.202112161359/tools/bin/../lib/gcc/arm-none-eabi/10.3.1/../../../../arm-none-eabi/lib/thumb/v7e-m+fp/hard\libcr_c.a(__init_alloc.o)
                              c:/nxp/mcuxpressoide_11.6.0_8187/ide/plugins/com.nxp.mcuxpresso.tools.win32_11.6.0.202112161359/tools/bin/../lib/gcc/arm-none-eabi/10.3.1/../../../../arm-none-eabi/lib/thumb/v7e-m+fp/hard\libcr_c.a(alloc.o) (__heaps)
c:/nxp/mcuxpressoide_11.6.0_8187/ide/plugins/com.nxp.mcuxpresso.tools.win32_11.6.0.202112161359/tools/bin/../lib/gcc/arm-none-eabi/10.3.1/../../../../arm-none-eabi/lib/thumb/v7e-m+fp/hard\libcr_c.a(_cr_sbrk.o)
                              c:/nxp/mcuxpressoide_11.6.0_8187/ide/plugins/com.nxp.mcuxpresso.tools.win32_11.6.0.202112161359/tools/bin/../lib/gcc/arm-none-eabi/10.3.1/../../../../arm-none-eabi/lib/thumb/v7e-m+fp/hard\libcr_c.a(alloc.o) (_sbrk)
c:/nxp/mcuxpressoide_11.6.0_8187/ide/plugins/com.nxp.mcuxpresso.tools.win32_11.6.0.202112161359/tools/bin/../lib/gcc/arm-none-eabi/10.3.1/../../../../arm-none-eabi/lib/thumb/v7e-m+fp/hard\libcr_c.a(_deferredlazyseek.o)
[...]
Memory Configuration

Name             Origin             Length             Attributes
BOARD_FLASH      0x60000000         0x04000000         xr
SRAM_DTC         0x20000000         0x00020000         xrw
SRAM_ITC         0x00000000         0x00020000         xrw
SRAM_OC          0x20200000         0x00040000         xrw
BOARD_SDRAM      0x80000000         0x01e00000         xrw
NCACHE_REGION    0x81e00000         0x00200000         xrw
*default*        0x00000000         0xffffffff

Linker script and memory map

LOAD ./xip/evkbimxrt1050_flexspi_nor_config.o
LOAD ./xip/fsl_flexspi_nor_boot.o
LOAD ./utilities/fsl_assert.o
LOAD ./utilities/fsl_debug_console.o
LOAD ./utilities/fsl_str.o
LOAD ./startup/startup_mimxrt1052.o
LOAD ./source/MIMXRT1052_Project.o
LOAD ./source/semihost_hardfault.o
LOAD ./drivers/fsl_clock.o
LOAD ./drivers/fsl_common.o
LOAD ./drivers/fsl_common_arm.o
LOAD ./drivers/fsl_gpio.o
LOAD ./drivers/fsl_lpuart.o
LOAD ./device/system_MIMXRT1052.o
LOAD ./component/uart/fsl_adapter_lpuart.o
LOAD ./component/serial_manager/fsl_component_serial_manager.o
LOAD ./component/serial_manager/fsl_component_serial_port_uart.o
LOAD ./component/lists/fsl_component_generic_list.o
LOAD ./board/board.o
LOAD ./board/clock_config.o
LOAD ./board/dcd.o
LOAD ./board/peripherals.o
LOAD ./board/pin_mux.o
START GROUP
LOAD c:/nxp/mcuxpressoide_11.6.0_8187/ide/plugins/com.nxp.mcuxpresso.tools.win32_11.6.0.202112161359/tools/bin/../lib/gcc/arm-none-eabi/10.3.1/../../../../arm-none-eabi/lib/thumb/v7e-m+fp/hard\libcr_nohost_nf.a
LOAD c:/nxp/mcuxpressoide_11.6.0_8187/ide/plugins/com.nxp.mcuxpresso.tools.win32_11.6.0.202112161359/tools/bin/../lib/gcc/arm-none-eabi/10.3.1/../../../../arm-none-eabi/lib/thumb/v7e-m+fp/hard\libcr_c.a
LOAD c:/nxp/mcuxpressoide_11.6.0_8187/ide/plugins/com.nxp.mcuxpresso.tools.win32_11.6.0.202112161359/tools/bin/../lib/gcc/arm-none-eabi/10.3.1/thumb/v7e-m+fp/hard\libcr_eabihelpers.a
LOAD c:/nxp/mcuxpressoide_11.6.0_8187/ide/plugins/com.nxp.mcuxpresso.tools.win32_11.6.0.202112161359/tools/bin/../lib/gcc/arm-none-eabi/10.3.1/thumb/v7e-m+fp/hard\libgcc.a
END GROUP
                0x60000000                __base_BOARD_FLASH = 0x60000000
                0x60000000                __base_Flash = 0x60000000
                0x64000000                __top_BOARD_FLASH = 0x64000000
                0x64000000                __top_Flash = 0x64000000
                0x20000000                __base_SRAM_DTC = 0x20000000
                0x20000000                __base_RAM = 0x20000000
                0x20020000                __top_SRAM_DTC = 0x20020000
                0x20020000                __top_RAM = 0x20020000
                0x00000000                __base_SRAM_ITC = 0x0
                0x00000000                __base_RAM2 = 0x0
                0x00020000                __top_SRAM_ITC = 0x20000
                0x00020000                __top_RAM2 = 0x20000
                0x20200000                __base_SRAM_OC = 0x20200000
                0x20200000                __base_RAM3 = 0x20200000
                0x20240000                __top_SRAM_OC = 0x20240000
                0x20240000                __top_RAM3 = 0x20240000
                0x80000000                __base_BOARD_SDRAM = 0x80000000
                0x80000000                __base_RAM4 = 0x80000000
                0x81e00000                __top_BOARD_SDRAM = 0x81e00000
                0x81e00000                __top_RAM4 = 0x81e00000
                0x81e00000                __base_NCACHE_REGION = 0x81e00000
                0x81e00000                __base_RAM5 = 0x81e00000
                0x82000000                __top_NCACHE_REGION = 0x82000000
                0x82000000                __top_RAM5 = 0x82000000

.boot_hdr       0x60000000     0x2000
 FILL mask 0xff
                0x60000000                __boot_hdr_start__ = ABSOLUTE (.)
 *(SORT_BY_ALIGNMENT(.boot_hdr.conf))
 .boot_hdr.conf
                0x60000000      0x200 ./xip/evkbimxrt1050_flexspi_nor_config.o
                0x60000000                hyperflash_config
                0x00001000                . = 0x1000
 *fill*         0x60000200      0xe00 ff
 *(SORT_BY_ALIGNMENT(.boot_hdr.ivt))
 .boot_hdr.ivt  0x60001000       0x20 ./xip/fsl_flexspi_nor_boot.o
                0x60001000                image_vector_table
                0x00001020                . = 0x1020
 *(SORT_BY_ALIGNMENT(.boot_hdr.boot_data))
 .boot_hdr.boot_data
                0x60001020       0x10 ./xip/fsl_flexspi_nor_boot.o
                0x60001020                g_boot_data
                0x00001030                . = 0x1030
 *(SORT_BY_ALIGNMENT(.boot_hdr.dcd_data))
                0x60001030                __boot_hdr_end__ = ABSOLUTE (.)
                0x00002000                . = 0x2000
 *fill*         0x60001030      0xfd0 ff

.text           0x60002000     0x4308
 FILL mask 0xff
                0x60002000                __vectors_start__ = ABSOLUTE (.)
 *(SORT_BY_ALIGNMENT(.isr_vector))
 .isr_vector    0x60002000      0x2a0 ./startup/startup_mimxrt1052.o
                0x60002000                g_pfnVectors
                0x60002000                __Vectors
                0x600022a0                . = ALIGN (0x4)
                0x600022a0                __section_table_start = .
                0x600022a0                __data_section_table = .
                0x600022a0        0x4 LONG 0x60006308 LOADADDR (.data)
                0x600022a4        0x4 LONG 0x20000000 ADDR (.data)
                0x600022a8        0x4 LONG 0x4 SIZEOF (.data)
                0x600022ac        0x4 LONG 0x60006308 LOADADDR (.data_RAM2)
                0x600022b0        0x4 LONG 0x0 ADDR (.data_RAM2)
                0x600022b4        0x4 LONG 0x0 SIZEOF (.data_RAM2)
                0x600022b8        0x4 LONG 0x60006308 LOADADDR (.data_RAM3)
                0x600022bc        0x4 LONG 0x20200000 ADDR (.data_RAM3)
                0x600022c0        0x4 LONG 0x0 SIZEOF (.data_RAM3)
                0x600022c4        0x4 LONG 0x60006308 LOADADDR (.data_RAM4)
                0x600022c8        0x4 LONG 0x80000000 ADDR (.data_RAM4)
                0x600022cc        0x4 LONG 0x0 SIZEOF (.data_RAM4)
                0x600022d0        0x4 LONG 0x60006308 LOADADDR (.data_RAM5)
                0x600022d4        0x4 LONG 0x81e00000 ADDR (.data_RAM5)
                0x600022d8        0x4 LONG 0x0 SIZEOF (.data_RAM5)
                0x600022dc                __data_section_table_end = .
                0x600022dc                __bss_section_table = .
                0x600022dc        0x4 LONG 0x20000004 ADDR (.bss)
                0x600022e0        0x4 LONG 0x114 SIZEOF (.bss)
                0x600022e4        0x4 LONG 0x0 ADDR (.bss_RAM2)
                0x600022e8        0x4 LONG 0x0 SIZEOF (.bss_RAM2)
                0x600022ec        0x4 LONG 0x20200000 ADDR (.bss_RAM3)
                0x600022f0        0x4 LONG 0x0 SIZEOF (.bss_RAM3)
                0x600022f4        0x4 LONG 0x80000000 ADDR (.bss_RAM4)
                0x600022f8        0x4 LONG 0x0 SIZEOF (.bss_RAM4)
                0x600022fc        0x4 LONG 0x81e00000 ADDR (.bss_RAM5)
                0x60002300        0x4 LONG 0x0 SIZEOF (.bss_RAM5)
                0x60002304                __bss_section_table_end = .
                0x60002304                __section_table_end = .
 *(SORT_BY_ALIGNMENT(.after_vectors*))
 .after_vectors.reset
                0x60002304       0x54 ./startup/startup_mimxrt1052.o
                0x60002304                ResetISR
 .after_vectors.init_data
                0x60002358       0x1e ./startup/startup_mimxrt1052.o
                0x60002358                data_init
 .after_vectors.init_bss
                0x60002376       0x12 ./startup/startup_mimxrt1052.o
                0x60002376                bss_init
 .after_vectors
                0x60002388       0x14 ./startup/startup_mimxrt1052.o
                0x60002388                NMI_Handler
                0x6000238c                MemManage_Handler
                0x6000238e                BusFault_Handler
                0x60002390                UsageFault_Handler
                0x60002392                SVC_Handler
                0x60002394                DebugMon_Handler
                0x60002396                PendSV_Handler
                0x60002398                SysTick_Handler
                0x6000239a                PIT_DriverIRQHandler
                0x6000239a                PMU_EVENT_DriverIRQHandler
                0x6000239a                PWM4_FAULT_DriverIRQHandler
                0x6000239a                DMA13_DMA29_DriverIRQHandler
                0x6000239a                SAI3_RX_DriverIRQHandler
                0x6000239a                LPSPI4_DriverIRQHandler
                0x6000239a                SEMC_DriverIRQHandler
                0x6000239a                SPDIF_DriverIRQHandler
                0x6000239a                CCM_2_DriverIRQHandler
                0x6000239a                PWM4_3_DriverIRQHandler
                0x6000239a                FLEXRAM_DriverIRQHandler
                0x6000239a                LCDIF_DriverIRQHandler
                0x6000239a                USB_PHY1_DriverIRQHandler
                0x6000239a                GPIO3_Combined_0_15_DriverIRQHandler
                0x6000239a                DMA7_DMA23_DriverIRQHandler
                0x6000239a                BEE_DriverIRQHandler
                0x6000239a                LPI2C3_DriverIRQHandler
                0x6000239a                GPR_IRQ_DriverIRQHandler
                0x6000239a                PWM2_FAULT_DriverIRQHandler
                0x6000239a                PWM3_1_DriverIRQHandler
                0x6000239a                DMA14_DMA30_DriverIRQHandler
                0x6000239a                TMR1_DriverIRQHandler
                0x6000239a                TRNG_DriverIRQHandler
                0x6000239a                PWM3_2_DriverIRQHandler
                0x6000239a                ENET_1588_Timer_DriverIRQHandler
                0x6000239a                FLEXIO2_DriverIRQHandler
                0x6000239a                GPIO2_Combined_16_31_DriverIRQHandler
                0x6000239a                Reserved143_DriverIRQHandler
                0x6000239a                LPSPI2_DriverIRQHandler
                0x6000239a                PWM4_1_DriverIRQHandler
                0x6000239a                PWM3_3_DriverIRQHandler
                0x6000239a                DMA0_DMA16_DriverIRQHandler
                0x6000239a                IntDefaultHandler
                0x6000239a                DMA2_DMA18_DriverIRQHandler
                0x6000239a                SRC_DriverIRQHandler
                0x6000239a                GPIO1_INT4_DriverIRQHandler
                0x6000239a                Reserved144_DriverIRQHandler
                0x6000239a                USDHC1_DriverIRQHandler
                0x6000239a                ENC3_DriverIRQHandler
                0x6000239a                PWM3_FAULT_DriverIRQHandler
                0x6000239a                EWM_DriverIRQHandler
                0x6000239a                TSC_DIG_DriverIRQHandler
                0x6000239a                KPP_DriverIRQHandler
                0x6000239a                FLEXIO1_DriverIRQHandler
                0x6000239a                ENET_DriverIRQHandler
                0x6000239a                Reserved78_DriverIRQHandler
                0x6000239a                TMR4_DriverIRQHandler
                0x6000239a                ENC2_DriverIRQHandler
                0x6000239a                ADC_ETC_IRQ2_DriverIRQHandler
                0x6000239a                GPIO1_Combined_16_31_DriverIRQHandler
                0x6000239a                GPIO1_INT7_DriverIRQHandler
                0x6000239a                SAI1_DriverIRQHandler
                0x6000239a                DCDC_DriverIRQHandler
                0x6000239a                DMA12_DMA28_DriverIRQHandler
                0x6000239a                PWM4_0_DriverIRQHandler
                0x6000239a                ADC_ETC_ERROR_IRQ_DriverIRQHandler
                0x6000239a                ACMP2_DriverIRQHandler
                0x6000239a                GPIO5_Combined_0_15_DriverIRQHandler
                0x6000239a                GPIO1_INT0_DriverIRQHandler
                0x6000239a                GPIO1_INT2_DriverIRQHandler
                0x6000239a                RTWDOG_DriverIRQHandler
                0x6000239a                FLEXSPI_DriverIRQHandler
                0x6000239a                GPT2_DriverIRQHandler
                0x6000239a                USB_PHY2_DriverIRQHandler
                0x6000239a                DMA10_DMA26_DriverIRQHandler
                0x6000239a                PWM2_1_DriverIRQHandler
                0x6000239a                PWM1_1_DriverIRQHandler
                0x6000239a                PXP_DriverIRQHandler
                0x6000239a                ADC1_DriverIRQHandler
                0x6000239a                PWM1_0_DriverIRQHandler
                0x6000239a                SJC_DriverIRQHandler
                0x6000239a                DMA1_DMA17_DriverIRQHandler
                0x6000239a                ENC1_DriverIRQHandler
                0x6000239a                ENC4_DriverIRQHandler
                0x6000239a                CAN2_DriverIRQHandler
                0x6000239a                DCP_DriverIRQHandler
                0x6000239a                CTI0_ERROR_DriverIRQHandler
                0x6000239a                DMA8_DMA24_DriverIRQHandler
                0x6000239a                GPT1_DriverIRQHandler
                0x6000239a                ACMP3_DriverIRQHandler
                0x6000239a                DMA6_DMA22_DriverIRQHandler
                0x6000239a                CSU_DriverIRQHandler
                0x6000239a                GPIO1_INT5_DriverIRQHandler
                0x6000239a                TMR3_DriverIRQHandler
                0x6000239a                TMR2_DriverIRQHandler
                0x6000239a                CTI1_ERROR_DriverIRQHandler
                0x6000239a                GPIO1_Combined_0_15_DriverIRQHandler
                0x6000239a                USDHC2_DriverIRQHandler
                0x6000239a                PWM4_2_DriverIRQHandler
                0x6000239a                Reserved87_DriverIRQHandler
                0x6000239a                SAI2_DriverIRQHandler
                0x6000239a                CORE_DriverIRQHandler
                0x6000239a                WDOG1_DriverIRQHandler
                0x6000239a                DMA11_DMA27_DriverIRQHandler
                0x6000239a                CSI_DriverIRQHandler
                0x6000239a                PWM2_3_DriverIRQHandler
                0x6000239a                XBAR1_IRQ_2_3_DriverIRQHandler
                0x6000239a                SNVS_HP_WRAPPER_TZ_DriverIRQHandler
                0x6000239a                GPIO3_Combined_16_31_DriverIRQHandler
                0x6000239a                PWM1_FAULT_DriverIRQHandler
                0x6000239a                LPI2C1_DriverIRQHandler
                0x6000239a                PWM2_2_DriverIRQHandler
                0x6000239a                DMA4_DMA20_DriverIRQHandler
                0x6000239a                DMA9_DMA25_DriverIRQHandler
                0x6000239a                SNVS_HP_WRAPPER_DriverIRQHandler
                0x6000239a                XBAR1_IRQ_0_1_DriverIRQHandler
                0x6000239a                ADC_ETC_IRQ1_DriverIRQHandler
                0x6000239a                LPSPI1_DriverIRQHandler
                0x6000239a                DMA3_DMA19_DriverIRQHandler
                0x6000239a                GPIO1_INT3_DriverIRQHandler
                0x6000239a                DCP_VMI_DriverIRQHandler
                0x6000239a                LPI2C4_DriverIRQHandler
                0x6000239a                GPC_DriverIRQHandler
                0x6000239a                Reserved123_DriverIRQHandler
                0x6000239a                GPIO2_Combined_0_15_DriverIRQHandler
                0x6000239a                PWM1_2_DriverIRQHandler
                0x6000239a                USB_OTG1_DriverIRQHandler
                0x6000239a                TEMP_LOW_HIGH_DriverIRQHandler
                0x6000239a                SAI3_TX_DriverIRQHandler
                0x6000239a                WDOG2_DriverIRQHandler
                0x6000239a                Reserved68_DriverIRQHandler
                0x6000239a                PWM3_0_DriverIRQHandler
                0x6000239a                GPIO4_Combined_0_15_DriverIRQHandler
                0x6000239a                GPIO4_Combined_16_31_DriverIRQHandler
                0x6000239a                GPIO5_Combined_16_31_DriverIRQHandler
                0x6000239a                DMA5_DMA21_DriverIRQHandler
                0x6000239a                CCM_1_DriverIRQHandler
                0x6000239a                ADC2_DriverIRQHandler
                0x6000239a                Reserved115_DriverIRQHandler
                0x6000239a                TEMP_PANIC_DriverIRQHandler
                0x6000239a                ACMP4_DriverIRQHandler
                0x6000239a                DMA15_DMA31_DriverIRQHandler
                0x6000239a                LPSPI3_DriverIRQHandler
                0x6000239a                PWM1_3_DriverIRQHandler
                0x6000239a                ACMP1_DriverIRQHandler
                0x6000239a                LPI2C2_DriverIRQHandler
                0x6000239a                Reserved86_DriverIRQHandler
                0x6000239a                DMA_ERROR_DriverIRQHandler
                0x6000239a                ADC_ETC_IRQ0_DriverIRQHandler
                0x6000239a                CAN1_DriverIRQHandler
                0x6000239a                GPIO1_INT6_DriverIRQHandler
                0x6000239a                GPIO1_INT1_DriverIRQHandler
                0x6000239a                PWM2_0_DriverIRQHandler
                0x6000239a                SNVS_LP_WRAPPER_DriverIRQHandler
                0x6000239a                USB_OTG2_DriverIRQHandler
 *(SORT_BY_ALIGNMENT(.text*))
 .text.__assertion_failed
                0x6000239c       0x18 ./utilities/fsl_assert.o
                0x6000239c                __assertion_failed
 .text.DbgConsole_SendDataReliable
                0x600023b4       0x54 ./utilities/fsl_debug_console.o
                0x600023b4                DbgConsole_SendDataReliable
 .text.DbgConsole_Init
                0x60002408      0x128 ./utilities/fsl_debug_console.o
                0x60002408                DbgConsole_Init
 .text.DbgConsole_Vprintf
                0x60002530       0x6c ./utilities/fsl_debug_console.o
                0x60002530                DbgConsole_Vprintf
 .text.main     0x6000259c       0x34 ./source/MIMXRT1052_Project.o
                0x6000259c                main
 .text.CLOCK_GetOscFreq
                0x600025d0       0x30 ./drivers/fsl_clock.o
 .text.CLOCK_InitExternalClk
                0x60002600       0x6c ./drivers/fsl_clock.o
                0x60002600                CLOCK_InitExternalClk
 .text.CLOCK_SwitchOsc
                0x6000266c       0x34 ./drivers/fsl_clock.o
                0x6000266c                CLOCK_SwitchOsc
 .text.CLOCK_InitRcOsc24M
                0x600026a0       0x24 ./drivers/fsl_clock.o
                0x600026a0                CLOCK_InitRcOsc24M
 .text.CLOCK_InitArmPll
                0x600026c4       0x68 ./drivers/fsl_clock.o
                0x600026c4                CLOCK_InitArmPll
 .text.CLOCK_InitSysPll
                0x6000272c       0x9c ./drivers/fsl_clock.o
                0x6000272c                CLOCK_InitSysPll
 .text.CLOCK_DeinitUsb2Pll
                0x600027c8       0x18 ./drivers/fsl_clock.o
                0x600027c8                CLOCK_DeinitUsb2Pll
 .text.CLOCK_DeinitAudioPll
                0x600027e0       0x1c ./drivers/fsl_clock.o
                0x600027e0                CLOCK_DeinitAudioPll
 .text.CLOCK_DeinitEnetPll
                0x600027fc       0x1c ./drivers/fsl_clock.o
                0x600027fc                CLOCK_DeinitEnetPll
 .text.CLOCK_GetPllFreq
                0x60002818      0x404 ./drivers/fsl_clock.o
                0x60002818                CLOCK_GetPllFreq
 .text.CLOCK_InitSysPfd
                0x60002c1c       0x64 ./drivers/fsl_clock.o
                0x60002c1c                CLOCK_InitSysPfd
 .text.CLOCK_ControlGate
                0x60002c80       0x60 ./drivers/fsl_lpuart.o
 .text.LPUART_GetInstance
                0x60002ce0       0x4c ./drivers/fsl_lpuart.o
                0x60002ce0                LPUART_GetInstance
 .text.LPUART_Init
                0x60002d2c      0x310 ./drivers/fsl_lpuart.o
                0x60002d2c                LPUART_Init
 .text.LPUART_GetDefaultConfig
                0x6000303c       0x88 ./drivers/fsl_lpuart.o
                0x6000303c                LPUART_GetDefaultConfig
 .text.LPUART_WriteBlocking
                0x600030c4       0x68 ./drivers/fsl_lpuart.o
                0x600030c4                LPUART_WriteBlocking
 .text.LPUART1_DriverIRQHandler
                0x6000312c       0x28 ./drivers/fsl_lpuart.o
                0x6000312c                LPUART1_DriverIRQHandler
 .text.LPUART2_DriverIRQHandler
                0x60003154       0x28 ./drivers/fsl_lpuart.o
                0x60003154                LPUART2_DriverIRQHandler
 .text.LPUART3_DriverIRQHandler
                0x6000317c       0x28 ./drivers/fsl_lpuart.o
                0x6000317c                LPUART3_DriverIRQHandler
 .text.LPUART4_DriverIRQHandler
                0x600031a4       0x28 ./drivers/fsl_lpuart.o
                0x600031a4                LPUART4_DriverIRQHandler
 .text.LPUART5_DriverIRQHandler
                0x600031cc       0x28 ./drivers/fsl_lpuart.o
                0x600031cc                LPUART5_DriverIRQHandler
 .text.LPUART6_DriverIRQHandler
                0x600031f4       0x28 ./drivers/fsl_lpuart.o
                0x600031f4                LPUART6_DriverIRQHandler
 .text.LPUART7_DriverIRQHandler
                0x6000321c       0x28 ./drivers/fsl_lpuart.o
                0x6000321c                LPUART7_DriverIRQHandler
 .text.LPUART8_DriverIRQHandler
                0x60003244       0x28 ./drivers/fsl_lpuart.o
                0x60003244                LPUART8_DriverIRQHandler
 .text.SystemInit
                0x6000326c      0x144 ./device/system_MIMXRT1052.o
                0x6000326c                SystemInit
 .text.HAL_UartInitCommon
                0x600033b0       0xac ./component/uart/fsl_adapter_lpuart.o
 .text.HAL_UartInit
                0x6000345c       0x84 ./component/uart/fsl_adapter_lpuart.o
                0x6000345c                HAL_UartInit
 .text.HAL_UartSendBlocking
                0x600034e0       0x64 ./component/uart/fsl_adapter_lpuart.o
                0x600034e0                HAL_UartSendBlocking
 .text.ARM_MPU_Enable
                0x60003544       0x44 ./board/board.o
 .text.ARM_MPU_Disable
                0x60003588       0x40 ./board/board.o
 .text.CLOCK_GetMux
                0x600035c8       0x44 ./board/board.o
 .text.CLOCK_GetDiv
                0x6000360c       0x44 ./board/board.o
 .text.CLOCK_GetOscFreq
                0x60003650       0x30 ./board/board.o
 .text.BOARD_DebugConsoleSrcFreq
                0x60003680       0x64 ./board/board.o
                0x60003680                BOARD_DebugConsoleSrcFreq
 .text.BOARD_ConfigMPU
                0x600036e4      0x324 ./board/board.o
                0x600036e4                BOARD_ConfigMPU
 .text.CLOCK_SetMux
                0x60003a08       0x9c ./board/clock_config.o
 .text.CLOCK_SetDiv
                0x60003aa4       0x9c ./board/clock_config.o
 .text.CLOCK_ControlGate
                0x60003b40       0x60 ./board/clock_config.o
 .text.CLOCK_SetXtalFreq
                0x60003ba0       0x20 ./board/clock_config.o
 .text.CLOCK_SetRtcXtalFreq
                0x60003bc0       0x20 ./board/clock_config.o
 .text.IOMUXC_EnableMode
                0x60003be0       0x48 ./board/clock_config.o
 .text.IOMUXC_MQSConfig
                0x60003c28       0x44 ./board/clock_config.o
 .text.BOARD_BootClockRUN
                0x60003c6c      0x674 ./board/clock_config.o
                0x60003c6c                BOARD_BootClockRUN
 .text.CLOCK_ControlGate
                0x600042e0       0x60 ./board/pin_mux.o
 .text.BOARD_InitDEBUG_UARTPins
                0x60004340       0x78 ./board/pin_mux.o
                0x60004340                BOARD_InitDEBUG_UARTPins
 .text._initio  0x600043b8       0x78 c:/nxp/mcuxpressoide_11.6.0_8187/ide/plugins/com.nxp.mcuxpresso.tools.win32_11.6.0.202112161359/tools/bin/../lib/gcc/arm-none-eabi/10.3.1/../../../../arm-none-eabi/lib/thumb/v7e-m+fp/hard\libcr_c.a(initio.o)
                0x600043b8                _initio
 .text._Cwritebuf
                0x60004430       0x6c c:/nxp/mcuxpressoide_11.6.0_8187/ide/plugins/com.nxp.mcuxpresso.tools.win32_11.6.0.202112161359/tools/bin/../lib/gcc/arm-none-eabi/10.3.1/../../../../arm-none-eabi/lib/thumb/v7e-m+fp/hard\libcr_c.a(_writebuf.o)
                0x60004430                _Cwritebuf
 .text.fflush   0x6000449c       0x3c c:/nxp/mcuxpressoide_11.6.0_8187/ide/plugins/com.nxp.mcuxpresso.tools.win32_11.6.0.202112161359/tools/bin/../lib/gcc/arm-none-eabi/10.3.1/../../../../arm-none-eabi/lib/thumb/v7e-m+fp/hard\libcr_c.a(fflush.o)
                0x6000449c                fflush
 .text.fseek    0x600044d8       0xfc c:/nxp/mcuxpressoide_11.6.0_8187/ide/plugins/com.nxp.mcuxpresso.tools.win32_11.6.0.202112161359/tools/bin/../lib/gcc/arm-none-eabi/10.3.1/../../../../arm-none-eabi/lib/thumb/v7e-m+fp/hard\libcr_c.a(fseek.o)
                0x600044d8                fseek
 .text.ftell    0x600045d4       0x44 c:/nxp/mcuxpressoide_11.6.0_8187/ide/plugins/com.nxp.mcuxpresso.tools.win32_11.6.0.202112161359/tools/bin/../lib/gcc/arm-none-eabi/10.3.1/../../../../arm-none-eabi/lib/thumb/v7e-m+fp/hard\libcr_c.a(ftell.o)
                0x600045d4                ftell
 .text.DbgConsole_PrintCallback
                0x60004618       0x66 ./utilities/fsl_debug_console.o
 .text.DbgConsole_Printf
                0x6000467e       0x2c ./utilities/fsl_debug_console.o
                0x6000467e                DbgConsole_Printf
 .text.PrintGetWidth
                0x600046aa       0x6a ./utilities/fsl_str.o
 .text.PrintGetPrecision
                0x60004714       0x8c ./utilities/fsl_str.o
 .text.PrintIsobpu
                0x600047a0       0x38 ./utilities/fsl_str.o
 .text.PrintIsdi
                0x600047d8       0x2c ./utilities/fsl_str.o
 .text.PrintOutputdifFobpu
                0x60004804       0x44 ./utilities/fsl_str.o
 .text.PrintOutputxX
                0x60004848       0x44 ./utilities/fsl_str.o
 .text.PrintIsfF
                0x6000488c       0x2c ./utilities/fsl_str.o
 .text.PrintIsxX
                0x600048b8       0x2c ./utilities/fsl_str.o
 .text.PrintFilterLengthFlag
                0x600048e4       0x3e ./utilities/fsl_str.o
 .text.PrintGetRadixFromobpu
                0x60004922       0x40 ./utilities/fsl_str.o
 .text.ConvertRadixNumToString
                0x60004962       0xc2 ./utilities/fsl_str.o
 .text.StrFormatPrintf
                0x60004a24      0x2ac ./utilities/fsl_str.o
                0x60004a24                StrFormatPrintf
 .text.DMA0_DMA16_IRQHandler
                0x60004cd0        0x8 ./startup/startup_mimxrt1052.o
                0x60004cd0                DMA0_DMA16_IRQHandler
 .text.DMA1_DMA17_IRQHandler
                0x60004cd8        0x8 ./startup/startup_mimxrt1052.o
                0x60004cd8                DMA1_DMA17_IRQHandler
 .text.DMA2_DMA18_IRQHandler
                0x60004ce0        0x8 ./startup/startup_mimxrt1052.o
                0x60004ce0                DMA2_DMA18_IRQHandler
 .text.DMA3_DMA19_IRQHandler
                0x60004ce8        0x8 ./startup/startup_mimxrt1052.o
                0x60004ce8                DMA3_DMA19_IRQHandler
 .text.DMA4_DMA20_IRQHandler
                0x60004cf0        0x8 ./startup/startup_mimxrt1052.o
                0x60004cf0                DMA4_DMA20_IRQHandler
 .text.DMA5_DMA21_IRQHandler
                0x60004cf8        0x8 ./startup/startup_mimxrt1052.o
                0x60004cf8                DMA5_DMA21_IRQHandler
 .text.DMA6_DMA22_IRQHandler
                0x60004d00        0x8 ./startup/startup_mimxrt1052.o
                0x60004d00                DMA6_DMA22_IRQHandler
 .text.DMA7_DMA23_IRQHandler
                0x60004d08        0x8 ./startup/startup_mimxrt1052.o
                0x60004d08                DMA7_DMA23_IRQHandler
 .text.DMA8_DMA24_IRQHandler
                0x60004d10        0x8 ./startup/startup_mimxrt1052.o
                0x60004d10                DMA8_DMA24_IRQHandler
 .text.DMA9_DMA25_IRQHandler
                0x60004d18        0x8 ./startup/startup_mimxrt1052.o
                0x60004d18                DMA9_DMA25_IRQHandler
 .text.DMA10_DMA26_IRQHandler
                0x60004d20        0x8 ./startup/startup_mimxrt1052.o
                0x60004d20                DMA10_DMA26_IRQHandler
 .text.DMA11_DMA27_IRQHandler
                0x60004d28        0x8 ./startup/startup_mimxrt1052.o
                0x60004d28                DMA11_DMA27_IRQHandler
 .text.DMA12_DMA28_IRQHandler
                0x60004d30        0x8 ./startup/startup_mimxrt1052.o
                0x60004d30                DMA12_DMA28_IRQHandler
 .text.DMA13_DMA29_IRQHandler
                0x60004d38        0x8 ./startup/startup_mimxrt1052.o
                0x60004d38                DMA13_DMA29_IRQHandler
 .text.DMA14_DMA30_IRQHandler
                0x60004d40        0x8 ./startup/startup_mimxrt1052.o
                0x60004d40                DMA14_DMA30_IRQHandler
 .text.DMA15_DMA31_IRQHandler
                0x60004d48        0x8 ./startup/startup_mimxrt1052.o
                0x60004d48                DMA15_DMA31_IRQHandler
 .text.DMA_ERROR_IRQHandler
                0x60004d50        0x8 ./startup/startup_mimxrt1052.o
                0x60004d50                DMA_ERROR_IRQHandler
 .text.CTI0_ERROR_IRQHandler
                0x60004d58        0x8 ./startup/startup_mimxrt1052.o
                0x60004d58                CTI0_ERROR_IRQHandler
 .text.CTI1_ERROR_IRQHandler
                0x60004d60        0x8 ./startup/startup_mimxrt1052.o
                0x60004d60                CTI1_ERROR_IRQHandler
 .text.CORE_IRQHandler
                0x60004d68        0x8 ./startup/startup_mimxrt1052.o
                0x60004d68                CORE_IRQHandler
 .text.LPUART1_IRQHandler
                0x60004d70        0x8 ./startup/startup_mimxrt1052.o
                0x60004d70                LPUART1_IRQHandler
 .text.LPUART2_IRQHandler
                0x60004d78        0x8 ./startup/startup_mimxrt1052.o
                0x60004d78                LPUART2_IRQHandler
 .text.LPUART3_IRQHandler
                0x60004d80        0x8 ./startup/startup_mimxrt1052.o
                0x60004d80                LPUART3_IRQHandler
 .text.LPUART4_IRQHandler
                0x60004d88        0x8 ./startup/startup_mimxrt1052.o
                0x60004d88                LPUART4_IRQHandler
 .text.LPUART5_IRQHandler
                0x60004d90        0x8 ./startup/startup_mimxrt1052.o
                0x60004d90                LPUART5_IRQHandler
 .text.LPUART6_IRQHandler
                0x60004d98        0x8 ./startup/startup_mimxrt1052.o
                0x60004d98                LPUART6_IRQHandler
 .text.LPUART7_IRQHandler
                0x60004da0        0x8 ./startup/startup_mimxrt1052.o
                0x60004da0                LPUART7_IRQHandler
 .text.LPUART8_IRQHandler
                0x60004da8        0x8 ./startup/startup_mimxrt1052.o
                0x60004da8                LPUART8_IRQHandler
 .text.LPI2C1_IRQHandler
                0x60004db0        0x8 ./startup/startup_mimxrt1052.o
                0x60004db0                LPI2C1_IRQHandler
 .text.LPI2C2_IRQHandler
                0x60004db8        0x8 ./startup/startup_mimxrt1052.o
                0x60004db8                LPI2C2_IRQHandler
 .text.LPI2C3_IRQHandler
                0x60004dc0        0x8 ./startup/startup_mimxrt1052.o
                0x60004dc0                LPI2C3_IRQHandler
 .text.LPI2C4_IRQHandler
                0x60004dc8        0x8 ./startup/startup_mimxrt1052.o
                0x60004dc8                LPI2C4_IRQHandler
 .text.LPSPI1_IRQHandler
                0x60004dd0        0x8 ./startup/startup_mimxrt1052.o
                0x60004dd0                LPSPI1_IRQHandler
 .text.LPSPI2_IRQHandler
                0x60004dd8        0x8 ./startup/startup_mimxrt1052.o
                0x60004dd8                LPSPI2_IRQHandler
 .text.LPSPI3_IRQHandler
                0x60004de0        0x8 ./startup/startup_mimxrt1052.o
                0x60004de0                LPSPI3_IRQHandler
 .text.LPSPI4_IRQHandler
                0x60004de8        0x8 ./startup/startup_mimxrt1052.o
                0x60004de8                LPSPI4_IRQHandler
 .text.CAN1_IRQHandler
                0x60004df0        0x8 ./startup/startup_mimxrt1052.o
                0x60004df0                CAN1_IRQHandler
 .text.CAN2_IRQHandler
                0x60004df8        0x8 ./startup/startup_mimxrt1052.o
                0x60004df8                CAN2_IRQHandler
 .text.FLEXRAM_IRQHandler
                0x60004e00        0x8 ./startup/startup_mimxrt1052.o
                0x60004e00                FLEXRAM_IRQHandler
 .text.KPP_IRQHandler
                0x60004e08        0x8 ./startup/startup_mimxrt1052.o
                0x60004e08                KPP_IRQHandler
 .text.TSC_DIG_IRQHandler
                0x60004e10        0x8 ./startup/startup_mimxrt1052.o
                0x60004e10                TSC_DIG_IRQHandler
 .text.GPR_IRQ_IRQHandler
                0x60004e18        0x8 ./startup/startup_mimxrt1052.o
                0x60004e18                GPR_IRQ_IRQHandler
 .text.LCDIF_IRQHandler
                0x60004e20        0x8 ./startup/startup_mimxrt1052.o
                0x60004e20                LCDIF_IRQHandler
 .text.CSI_IRQHandler
                0x60004e28        0x8 ./startup/startup_mimxrt1052.o
                0x60004e28                CSI_IRQHandler
 .text.PXP_IRQHandler
                0x60004e30        0x8 ./startup/startup_mimxrt1052.o
                0x60004e30                PXP_IRQHandler
 .text.WDOG2_IRQHandler
                0x60004e38        0x8 ./startup/startup_mimxrt1052.o
                0x60004e38                WDOG2_IRQHandler
 .text.SNVS_HP_WRAPPER_IRQHandler
                0x60004e40        0x8 ./startup/startup_mimxrt1052.o
                0x60004e40                SNVS_HP_WRAPPER_IRQHandler
 .text.SNVS_HP_WRAPPER_TZ_IRQHandler
                0x60004e48        0x8 ./startup/startup_mimxrt1052.o
                0x60004e48                SNVS_HP_WRAPPER_TZ_IRQHandler
 .text.SNVS_LP_WRAPPER_IRQHandler
                0x60004e50        0x8 ./startup/startup_mimxrt1052.o
                0x60004e50                SNVS_LP_WRAPPER_IRQHandler
 .text.CSU_IRQHandler
                0x60004e58        0x8 ./startup/startup_mimxrt1052.o
                0x60004e58                CSU_IRQHandler
 .text.DCP_IRQHandler
                0x60004e60        0x8 ./startup/startup_mimxrt1052.o
                0x60004e60                DCP_IRQHandler
 .text.DCP_VMI_IRQHandler
                0x60004e68        0x8 ./startup/startup_mimxrt1052.o
                0x60004e68                DCP_VMI_IRQHandler
 .text.Reserved68_IRQHandler
                0x60004e70        0x8 ./startup/startup_mimxrt1052.o
                0x60004e70                Reserved68_IRQHandler
 .text.TRNG_IRQHandler
                0x60004e78        0x8 ./startup/startup_mimxrt1052.o
                0x60004e78                TRNG_IRQHandler
 .text.SJC_IRQHandler
                0x60004e80        0x8 ./startup/startup_mimxrt1052.o
                0x60004e80                SJC_IRQHandler
 .text.BEE_IRQHandler
                0x60004e88        0x8 ./startup/startup_mimxrt1052.o
                0x60004e88                BEE_IRQHandler
 .text.SAI1_IRQHandler
                0x60004e90        0x8 ./startup/startup_mimxrt1052.o
                0x60004e90                SAI1_IRQHandler
 .text.SAI2_IRQHandler
                0x60004e98        0x8 ./startup/startup_mimxrt1052.o
                0x60004e98                SAI2_IRQHandler
 .text.SAI3_RX_IRQHandler
                0x60004ea0        0x8 ./startup/startup_mimxrt1052.o
                0x60004ea0                SAI3_RX_IRQHandler
 .text.SAI3_TX_IRQHandler
                0x60004ea8        0x8 ./startup/startup_mimxrt1052.o
                0x60004ea8                SAI3_TX_IRQHandler
 .text.SPDIF_IRQHandler
                0x60004eb0        0x8 ./startup/startup_mimxrt1052.o
                0x60004eb0                SPDIF_IRQHandler
 .text.PMU_EVENT_IRQHandler
                0x60004eb8        0x8 ./startup/startup_mimxrt1052.o
                0x60004eb8                PMU_EVENT_IRQHandler
 .text.Reserved78_IRQHandler
                0x60004ec0        0x8 ./startup/startup_mimxrt1052.o
                0x60004ec0                Reserved78_IRQHandler
 .text.TEMP_LOW_HIGH_IRQHandler
                0x60004ec8        0x8 ./startup/startup_mimxrt1052.o
                0x60004ec8                TEMP_LOW_HIGH_IRQHandler
 .text.TEMP_PANIC_IRQHandler
                0x60004ed0        0x8 ./startup/startup_mimxrt1052.o
                0x60004ed0                TEMP_PANIC_IRQHandler
 .text.USB_PHY1_IRQHandler
                0x60004ed8        0x8 ./startup/startup_mimxrt1052.o
                0x60004ed8                USB_PHY1_IRQHandler
 .text.USB_PHY2_IRQHandler
                0x60004ee0        0x8 ./startup/startup_mimxrt1052.o
                0x60004ee0                USB_PHY2_IRQHandler
 .text.ADC1_IRQHandler
                0x60004ee8        0x8 ./startup/startup_mimxrt1052.o
                0x60004ee8                ADC1_IRQHandler
 .text.ADC2_IRQHandler
                0x60004ef0        0x8 ./startup/startup_mimxrt1052.o
                0x60004ef0                ADC2_IRQHandler
 .text.DCDC_IRQHandler
                0x60004ef8        0x8 ./startup/startup_mimxrt1052.o
                0x60004ef8                DCDC_IRQHandler
 .text.Reserved86_IRQHandler
                0x60004f00        0x8 ./startup/startup_mimxrt1052.o
                0x60004f00                Reserved86_IRQHandler
 .text.Reserved87_IRQHandler
                0x60004f08        0x8 ./startup/startup_mimxrt1052.o
                0x60004f08                Reserved87_IRQHandler
 .text.GPIO1_INT0_IRQHandler
                0x60004f10        0x8 ./startup/startup_mimxrt1052.o
                0x60004f10                GPIO1_INT0_IRQHandler
 .text.GPIO1_INT1_IRQHandler
                0x60004f18        0x8 ./startup/startup_mimxrt1052.o
                0x60004f18                GPIO1_INT1_IRQHandler
 .text.GPIO1_INT2_IRQHandler
                0x60004f20        0x8 ./startup/startup_mimxrt1052.o
                0x60004f20                GPIO1_INT2_IRQHandler
 .text.GPIO1_INT3_IRQHandler
                0x60004f28        0x8 ./startup/startup_mimxrt1052.o
                0x60004f28                GPIO1_INT3_IRQHandler
 .text.GPIO1_INT4_IRQHandler
                0x60004f30        0x8 ./startup/startup_mimxrt1052.o
                0x60004f30                GPIO1_INT4_IRQHandler
 .text.GPIO1_INT5_IRQHandler
                0x60004f38        0x8 ./startup/startup_mimxrt1052.o
                0x60004f38                GPIO1_INT5_IRQHandler
 .text.GPIO1_INT6_IRQHandler
                0x60004f40        0x8 ./startup/startup_mimxrt1052.o
                0x60004f40                GPIO1_INT6_IRQHandler
 .text.GPIO1_INT7_IRQHandler
                0x60004f48        0x8 ./startup/startup_mimxrt1052.o
                0x60004f48                GPIO1_INT7_IRQHandler
 .text.GPIO1_Combined_0_15_IRQHandler
                0x60004f50        0x8 ./startup/startup_mimxrt1052.o
                0x60004f50                GPIO1_Combined_0_15_IRQHandler
 .text.GPIO1_Combined_16_31_IRQHandler
                0x60004f58        0x8 ./startup/startup_mimxrt1052.o
                0x60004f58                GPIO1_Combined_16_31_IRQHandler
 .text.GPIO2_Combined_0_15_IRQHandler
                0x60004f60        0x8 ./startup/startup_mimxrt1052.o
                0x60004f60                GPIO2_Combined_0_15_IRQHandler
 .text.GPIO2_Combined_16_31_IRQHandler
                0x60004f68        0x8 ./startup/startup_mimxrt1052.o
                0x60004f68                GPIO2_Combined_16_31_IRQHandler
 .text.GPIO3_Combined_0_15_IRQHandler
                0x60004f70        0x8 ./startup/startup_mimxrt1052.o
                0x60004f70                GPIO3_Combined_0_15_IRQHandler
 .text.GPIO3_Combined_16_31_IRQHandler
                0x60004f78        0x8 ./startup/startup_mimxrt1052.o
                0x60004f78                GPIO3_Combined_16_31_IRQHandler
 .text.GPIO4_Combined_0_15_IRQHandler
                0x60004f80        0x8 ./startup/startup_mimxrt1052.o
                0x60004f80                GPIO4_Combined_0_15_IRQHandler
 .text.GPIO4_Combined_16_31_IRQHandler
                0x60004f88        0x8 ./startup/startup_mimxrt1052.o
                0x60004f88                GPIO4_Combined_16_31_IRQHandler
 .text.GPIO5_Combined_0_15_IRQHandler
                0x60004f90        0x8 ./startup/startup_mimxrt1052.o
                0x60004f90                GPIO5_Combined_0_15_IRQHandler
 .text.GPIO5_Combined_16_31_IRQHandler
                0x60004f98        0x8 ./startup/startup_mimxrt1052.o
                0x60004f98                GPIO5_Combined_16_31_IRQHandler
 .text.FLEXIO1_IRQHandler
                0x60004fa0        0x8 ./startup/startup_mimxrt1052.o
                0x60004fa0                FLEXIO1_IRQHandler
 .text.FLEXIO2_IRQHandler
                0x60004fa8        0x8 ./startup/startup_mimxrt1052.o
                0x60004fa8                FLEXIO2_IRQHandler
 .text.WDOG1_IRQHandler
                0x60004fb0        0x8 ./startup/startup_mimxrt1052.o
                0x60004fb0                WDOG1_IRQHandler
 .text.RTWDOG_IRQHandler
                0x60004fb8        0x8 ./startup/startup_mimxrt1052.o
                0x60004fb8                RTWDOG_IRQHandler
 .text.EWM_IRQHandler
                0x60004fc0        0x8 ./startup/startup_mimxrt1052.o
                0x60004fc0                EWM_IRQHandler
 .text.CCM_1_IRQHandler
                0x60004fc8        0x8 ./startup/startup_mimxrt1052.o
                0x60004fc8                CCM_1_IRQHandler
 .text.CCM_2_IRQHandler
                0x60004fd0        0x8 ./startup/startup_mimxrt1052.o
                0x60004fd0                CCM_2_IRQHandler
 .text.GPC_IRQHandler
                0x60004fd8        0x8 ./startup/startup_mimxrt1052.o
                0x60004fd8                GPC_IRQHandler
 .text.SRC_IRQHandler
                0x60004fe0        0x8 ./startup/startup_mimxrt1052.o
                0x60004fe0                SRC_IRQHandler
 .text.Reserved115_IRQHandler
                0x60004fe8        0x8 ./startup/startup_mimxrt1052.o
                0x60004fe8                Reserved115_IRQHandler
 .text.GPT1_IRQHandler
                0x60004ff0        0x8 ./startup/startup_mimxrt1052.o
                0x60004ff0                GPT1_IRQHandler
 .text.GPT2_IRQHandler
                0x60004ff8        0x8 ./startup/startup_mimxrt1052.o
                0x60004ff8                GPT2_IRQHandler
 .text.PWM1_0_IRQHandler
                0x60005000        0x8 ./startup/startup_mimxrt1052.o
                0x60005000                PWM1_0_IRQHandler
 .text.PWM1_1_IRQHandler
                0x60005008        0x8 ./startup/startup_mimxrt1052.o
                0x60005008                PWM1_1_IRQHandler
 .text.PWM1_2_IRQHandler
                0x60005010        0x8 ./startup/startup_mimxrt1052.o
                0x60005010                PWM1_2_IRQHandler
 .text.PWM1_3_IRQHandler
                0x60005018        0x8 ./startup/startup_mimxrt1052.o
                0x60005018                PWM1_3_IRQHandler
 .text.PWM1_FAULT_IRQHandler
                0x60005020        0x8 ./startup/startup_mimxrt1052.o
                0x60005020                PWM1_FAULT_IRQHandler
 .text.Reserved123_IRQHandler
                0x60005028        0x8 ./startup/startup_mimxrt1052.o
                0x60005028                Reserved123_IRQHandler
 .text.FLEXSPI_IRQHandler
                0x60005030        0x8 ./startup/startup_mimxrt1052.o
                0x60005030                FLEXSPI_IRQHandler
 .text.SEMC_IRQHandler
                0x60005038        0x8 ./startup/startup_mimxrt1052.o
                0x60005038                SEMC_IRQHandler
 .text.USDHC1_IRQHandler
                0x60005040        0x8 ./startup/startup_mimxrt1052.o
                0x60005040                USDHC1_IRQHandler
 .text.USDHC2_IRQHandler
                0x60005048        0x8 ./startup/startup_mimxrt1052.o
                0x60005048                USDHC2_IRQHandler
 .text.USB_OTG2_IRQHandler
                0x60005050        0x8 ./startup/startup_mimxrt1052.o
                0x60005050                USB_OTG2_IRQHandler
 .text.USB_OTG1_IRQHandler
                0x60005058        0x8 ./startup/startup_mimxrt1052.o
                0x60005058                USB_OTG1_IRQHandler
 .text.ENET_IRQHandler
                0x60005060        0x8 ./startup/startup_mimxrt1052.o
                0x60005060                ENET_IRQHandler
 .text.ENET_1588_Timer_IRQHandler
                0x60005068        0x8 ./startup/startup_mimxrt1052.o
                0x60005068                ENET_1588_Timer_IRQHandler
 .text.XBAR1_IRQ_0_1_IRQHandler
                0x60005070        0x8 ./startup/startup_mimxrt1052.o
                0x60005070                XBAR1_IRQ_0_1_IRQHandler
 .text.XBAR1_IRQ_2_3_IRQHandler
                0x60005078        0x8 ./startup/startup_mimxrt1052.o
                0x60005078                XBAR1_IRQ_2_3_IRQHandler
 .text.ADC_ETC_IRQ0_IRQHandler
                0x60005080        0x8 ./startup/startup_mimxrt1052.o
                0x60005080                ADC_ETC_IRQ0_IRQHandler
 .text.ADC_ETC_IRQ1_IRQHandler
                0x60005088        0x8 ./startup/startup_mimxrt1052.o
                0x60005088                ADC_ETC_IRQ1_IRQHandler
 .text.ADC_ETC_IRQ2_IRQHandler
                0x60005090        0x8 ./startup/startup_mimxrt1052.o
                0x60005090                ADC_ETC_IRQ2_IRQHandler
 .text.ADC_ETC_ERROR_IRQ_IRQHandler
                0x60005098        0x8 ./startup/startup_mimxrt1052.o
                0x60005098                ADC_ETC_ERROR_IRQ_IRQHandler
 .text.PIT_IRQHandler
                0x600050a0        0x8 ./startup/startup_mimxrt1052.o
                0x600050a0                PIT_IRQHandler
 .text.ACMP1_IRQHandler
                0x600050a8        0x8 ./startup/startup_mimxrt1052.o
                0x600050a8                ACMP1_IRQHandler
 .text.ACMP2_IRQHandler
                0x600050b0        0x8 ./startup/startup_mimxrt1052.o
                0x600050b0                ACMP2_IRQHandler
 .text.ACMP3_IRQHandler
                0x600050b8        0x8 ./startup/startup_mimxrt1052.o
                0x600050b8                ACMP3_IRQHandler
 .text.ACMP4_IRQHandler
                0x600050c0        0x8 ./startup/startup_mimxrt1052.o
                0x600050c0                ACMP4_IRQHandler
 .text.Reserved143_IRQHandler
                0x600050c8        0x8 ./startup/startup_mimxrt1052.o
                0x600050c8                Reserved143_IRQHandler
 .text.Reserved144_IRQHandler
                0x600050d0        0x8 ./startup/startup_mimxrt1052.o
                0x600050d0                Reserved144_IRQHandler
 .text.ENC1_IRQHandler
                0x600050d8        0x8 ./startup/startup_mimxrt1052.o
                0x600050d8                ENC1_IRQHandler
 .text.ENC2_IRQHandler
                0x600050e0        0x8 ./startup/startup_mimxrt1052.o
                0x600050e0                ENC2_IRQHandler
 .text.ENC3_IRQHandler
                0x600050e8        0x8 ./startup/startup_mimxrt1052.o
                0x600050e8                ENC3_IRQHandler
 .text.ENC4_IRQHandler
                0x600050f0        0x8 ./startup/startup_mimxrt1052.o
                0x600050f0                ENC4_IRQHandler
 .text.TMR1_IRQHandler
                0x600050f8        0x8 ./startup/startup_mimxrt1052.o
                0x600050f8                TMR1_IRQHandler
 .text.TMR2_IRQHandler
                0x60005100        0x8 ./startup/startup_mimxrt1052.o
                0x60005100                TMR2_IRQHandler
 .text.TMR3_IRQHandler
                0x60005108        0x8 ./startup/startup_mimxrt1052.o
                0x60005108                TMR3_IRQHandler
 .text.TMR4_IRQHandler
                0x60005110        0x8 ./startup/startup_mimxrt1052.o
                0x60005110                TMR4_IRQHandler
 .text.PWM2_0_IRQHandler
                0x60005118        0x8 ./startup/startup_mimxrt1052.o
                0x60005118                PWM2_0_IRQHandler
 .text.PWM2_1_IRQHandler
                0x60005120        0x8 ./startup/startup_mimxrt1052.o
                0x60005120                PWM2_1_IRQHandler
 .text.PWM2_2_IRQHandler
                0x60005128        0x8 ./startup/startup_mimxrt1052.o
                0x60005128                PWM2_2_IRQHandler
 .text.PWM2_3_IRQHandler
                0x60005130        0x8 ./startup/startup_mimxrt1052.o
                0x60005130                PWM2_3_IRQHandler
 .text.PWM2_FAULT_IRQHandler
                0x60005138        0x8 ./startup/startup_mimxrt1052.o
                0x60005138                PWM2_FAULT_IRQHandler
 .text.PWM3_0_IRQHandler
                0x60005140        0x8 ./startup/startup_mimxrt1052.o
                0x60005140                PWM3_0_IRQHandler
 .text.PWM3_1_IRQHandler
                0x60005148        0x8 ./startup/startup_mimxrt1052.o
                0x60005148                PWM3_1_IRQHandler
 .text.PWM3_2_IRQHandler
                0x60005150        0x8 ./startup/startup_mimxrt1052.o
                0x60005150                PWM3_2_IRQHandler
 .text.PWM3_3_IRQHandler
                0x60005158        0x8 ./startup/startup_mimxrt1052.o
                0x60005158                PWM3_3_IRQHandler
 .text.PWM3_FAULT_IRQHandler
                0x60005160        0x8 ./startup/startup_mimxrt1052.o
                0x60005160                PWM3_FAULT_IRQHandler
 .text.PWM4_0_IRQHandler
                0x60005168        0x8 ./startup/startup_mimxrt1052.o
                0x60005168                PWM4_0_IRQHandler
 .text.PWM4_1_IRQHandler
                0x60005170        0x8 ./startup/startup_mimxrt1052.o
                0x60005170                PWM4_1_IRQHandler
 .text.PWM4_2_IRQHandler
                0x60005178        0x8 ./startup/startup_mimxrt1052.o
                0x60005178                PWM4_2_IRQHandler
 .text.PWM4_3_IRQHandler
                0x60005180        0x8 ./startup/startup_mimxrt1052.o
                0x60005180                PWM4_3_IRQHandler
 .text.PWM4_FAULT_IRQHandler
                0x60005188        0x8 ./startup/startup_mimxrt1052.o
                0x60005188                PWM4_FAULT_IRQHandler
 .text.HardFault_Handler
                0x60005190       0x2c ./source/semihost_hardfault.o
                0x60005190                HardFault_Handler
 .text.CLOCK_IsPllBypassed
                0x600051bc       0x32 ./drivers/fsl_clock.o
 .text.CLOCK_IsPllEnabled
                0x600051ee       0x3c ./drivers/fsl_clock.o
 .text.CLOCK_GetPllBypassRefClk
                0x6000522a       0x34 ./drivers/fsl_clock.o
 .text._SDK_AtomicLocalClearAndSet4Byte
                0x6000525e       0x50 ./drivers/fsl_lpuart.o
 .text.CLOCK_EnableClock
                0x600052ae       0x1e ./drivers/fsl_lpuart.o
 .text.LPUART_SoftwareReset
                0x600052cc       0x2c ./drivers/fsl_lpuart.o
 .text.SystemInitHook
                0x600052f8        0xe ./device/system_MIMXRT1052.o
                0x600052f8                SystemInitHook
 .text.HAL_UartGetStatus
                0x60005306       0x28 ./component/uart/fsl_adapter_lpuart.o
 .text.DisableGlobalIRQ
                0x6000532e       0x22 ./component/serial_manager/fsl_component_serial_manager.o
 .text.EnableGlobalIRQ
                0x60005350       0x20 ./component/serial_manager/fsl_component_serial_manager.o
 .text.SerialManager_StartWriting
                0x60005370       0x38 ./component/serial_manager/fsl_component_serial_manager.o
 .text.SerialManager_Write
                0x600053a8       0x44 ./component/serial_manager/fsl_component_serial_manager.o
 .text.SerialManager_Init
                0x600053ec       0x60 ./component/serial_manager/fsl_component_serial_manager.o
                0x600053ec                SerialManager_Init
 .text.SerialManager_OpenWriteHandle
                0x6000544c       0x50 ./component/serial_manager/fsl_component_serial_manager.o
                0x6000544c                SerialManager_OpenWriteHandle
 .text.SerialManager_OpenReadHandle
                0x6000549c       0x60 ./component/serial_manager/fsl_component_serial_manager.o
                0x6000549c                SerialManager_OpenReadHandle
 .text.SerialManager_WriteBlocking
                0x600054fc       0x20 ./component/serial_manager/fsl_component_serial_manager.o
                0x600054fc                SerialManager_WriteBlocking
 .text.Serial_UartInit
                0x6000551c       0x3e ./component/serial_manager/fsl_component_serial_port_uart.o
                0x6000551c                Serial_UartInit
 .text.Serial_UartWrite
                0x6000555a       0x38 ./component/serial_manager/fsl_component_serial_port_uart.o
                0x6000555a                Serial_UartWrite
 .text.BOARD_InitDebugConsole
                0x60005592       0x22 ./board/board.o
                0x60005592                BOARD_InitDebugConsole
 .text._SDK_AtomicLocalClearAndSet4Byte
                0x600055b4       0x50 ./board/clock_config.o
 .text.CLOCK_DisableClock
                0x60005604       0x1e ./board/clock_config.o
 .text.CLOCK_SetPllBypass
                0x60005622       0x4e ./board/clock_config.o
 .text.IOMUXC_SetSaiMClkClockSource
                0x60005670       0x6c ./board/clock_config.o
 .text.BOARD_InitBootClocks
                0x600056dc        0xc ./board/clock_config.o
                0x600056dc                BOARD_InitBootClocks
 .text.BOARD_InitPeripherals
                0x600056e8        0xe ./board/peripherals.o
                0x600056e8                BOARD_InitPeripherals
 .text.BOARD_InitBootPeripherals
                0x600056f6        0xc ./board/peripherals.o
                0x600056f6                BOARD_InitBootPeripherals
 .text._SDK_AtomicLocalClearAndSet4Byte
                0x60005702       0x50 ./board/pin_mux.o
 .text.CLOCK_EnableClock
                0x60005752       0x1e ./board/pin_mux.o
 .text.IOMUXC_SetPinMux
                0x60005770       0x3a ./board/pin_mux.o
 .text.IOMUXC_SetPinConfig
                0x600057aa       0x26 ./board/pin_mux.o
 .text.BOARD_InitBootPins
                0x600057d0       0x10 ./board/pin_mux.o
                0x600057d0                BOARD_InitBootPins
 .text.BOARD_InitPins
                0x600057e0        0xe ./board/pin_mux.o
                0x600057e0                BOARD_InitPins
 .text.__main   0x600057ee        0xe c:/nxp/mcuxpressoide_11.6.0_8187/ide/plugins/com.nxp.mcuxpresso.tools.win32_11.6.0.202112161359/tools/bin/../lib/gcc/arm-none-eabi/10.3.1/../../../../arm-none-eabi/lib/thumb/v7e-m+fp/hard\libcr_nohost_nf.a(_cr__main.o)
                0x600057ee                __main
 .text.memcpy   0x600057fc        0x4 c:/nxp/mcuxpressoide_11.6.0_8187/ide/plugins/com.nxp.mcuxpresso.tools.win32_11.6.0.202112161359/tools/bin/../lib/gcc/arm-none-eabi/10.3.1/../../../../arm-none-eabi/lib/thumb/v7e-m+fp/hard\libcr_c.a(memcpy.o)
                0x600057fc                memcpy
 .text.memset   0x60005800        0x4 c:/nxp/mcuxpressoide_11.6.0_8187/ide/plugins/com.nxp.mcuxpresso.tools.win32_11.6.0.202112161359/tools/bin/../lib/gcc/arm-none-eabi/10.3.1/../../../../arm-none-eabi/lib/thumb/v7e-m+fp/hard\libcr_c.a(memset.o)
                0x60005800                memset
 .text.free     0x60005804       0x30 c:/nxp/mcuxpressoide_11.6.0_8187/ide/plugins/com.nxp.mcuxpresso.tools.win32_11.6.0.202112161359/tools/bin/../lib/gcc/arm-none-eabi/10.3.1/../../../../arm-none-eabi/lib/thumb/v7e-m+fp/hard\libcr_c.a(alloc.o)
                0x60005804                free
 .text.setvbuf  0x60005834       0x3e c:/nxp/mcuxpressoide_11.6.0_8187/ide/plugins/com.nxp.mcuxpresso.tools.win32_11.6.0.202112161359/tools/bin/../lib/gcc/arm-none-eabi/10.3.1/../../../../arm-none-eabi/lib/thumb/v7e-m+fp/hard\libcr_c.a(setvbuf.o)
                0x60005834                setvbuf
 .text.strlen   0x60005872       0x48 c:/nxp/mcuxpressoide_11.6.0_8187/ide/plugins/com.nxp.mcuxpresso.tools.win32_11.6.0.202112161359/tools/bin/../lib/gcc/arm-none-eabi/10.3.1/../../../../arm-none-eabi/lib/thumb/v7e-m+fp/hard\libcr_c.a(strlen.o)
                0x60005872                strlen
 .text._deferredlazyseek
                0x600058ba       0x40 c:/nxp/mcuxpressoide_11.6.0_8187/ide/plugins/com.nxp.mcuxpresso.tools.win32_11.6.0.202112161359/tools/bin/../lib/gcc/arm-none-eabi/10.3.1/../../../../arm-none-eabi/lib/thumb/v7e-m+fp/hard\libcr_c.a(_deferredlazyseek.o)
                0x600058ba                _deferredlazyseek
 .text._fdopen  0x600058fa       0x68 c:/nxp/mcuxpressoide_11.6.0_8187/ide/plugins/com.nxp.mcuxpresso.tools.win32_11.6.0.202112161359/tools/bin/../lib/gcc/arm-none-eabi/10.3.1/../../../../arm-none-eabi/lib/thumb/v7e-m+fp/hard\libcr_c.a(_fdopen.o)
                0x600058fa                _fdopen
 .text._fflush  0x60005962       0x52 c:/nxp/mcuxpressoide_11.6.0_8187/ide/plugins/com.nxp.mcuxpresso.tools.win32_11.6.0.202112161359/tools/bin/../lib/gcc/arm-none-eabi/10.3.1/../../../../arm-none-eabi/lib/thumb/v7e-m+fp/hard\libcr_c.a(_fflush.o)
                0x60005962                _fflush
 .text.fclose   0x600059b4       0x58 c:/nxp/mcuxpressoide_11.6.0_8187/ide/plugins/com.nxp.mcuxpresso.tools.win32_11.6.0.202112161359/tools/bin/../lib/gcc/arm-none-eabi/10.3.1/../../../../arm-none-eabi/lib/thumb/v7e-m+fp/hard\libcr_c.a(fclose.o)
                0x600059b4                fclose
 .text.remove   0x60005a0c       0x14 c:/nxp/mcuxpressoide_11.6.0_8187/ide/plugins/com.nxp.mcuxpresso.tools.win32_11.6.0.202112161359/tools/bin/../lib/gcc/arm-none-eabi/10.3.1/../../../../arm-none-eabi/lib/thumb/v7e-m+fp/hard\libcr_c.a(remove.o)
                0x60005a0c                remove
 .text._do_fflush
                0x60005a20       0x40 c:/nxp/mcuxpressoide_11.6.0_8187/ide/plugins/com.nxp.mcuxpresso.tools.win32_11.6.0.202112161359/tools/bin/../lib/gcc/arm-none-eabi/10.3.1/../../../../arm-none-eabi/lib/thumb/v7e-m+fp/hard\libcr_c.a(_do_fflush.o)
                0x60005a20                _do_fflush
 .text.__aeabi_division_uldivmod
                0x60005a60      0x174 c:/nxp/mcuxpressoide_11.6.0_8187/ide/plugins/com.nxp.mcuxpresso.tools.win32_11.6.0.202112161359/tools/bin/../lib/gcc/arm-none-eabi/10.3.1/thumb/v7e-m+fp/hard\libcr_eabihelpers.a(division_64.o)
                0x60005a60                __aeabi_uldivmod
                0x60005a64                __bhs_ldivmod1
 .text.__aeabi_division_idiv0
                0x60005bd4        0x2 c:/nxp/mcuxpressoide_11.6.0_8187/ide/plugins/com.nxp.mcuxpresso.tools.win32_11.6.0.202112161359/tools/bin/../lib/gcc/arm-none-eabi/10.3.1/thumb/v7e-m+fp/hard\libcr_eabihelpers.a(division_idiv0.o)
                0x60005bd4                __aeabi_idiv0
 .text.__aeabi_memcpy
                0x60005bd6       0x34 c:/nxp/mcuxpressoide_11.6.0_8187/ide/plugins/com.nxp.mcuxpresso.tools.win32_11.6.0.202112161359/tools/bin/../lib/gcc/arm-none-eabi/10.3.1/thumb/v7e-m+fp/hard\libcr_eabihelpers.a(memcpy.o)
                0x60005bd6                __aeabi_memcpy
                0x60005be0                __aeabi_memcpy8
                0x60005be0                __aeabi_memcpy4
 .text.__aeabi_memset_lowlevel
                0x60005c0a       0x32 c:/nxp/mcuxpressoide_11.6.0_8187/ide/plugins/com.nxp.mcuxpresso.tools.win32_11.6.0.202112161359/tools/bin/../lib/gcc/arm-none-eabi/10.3.1/thumb/v7e-m+fp/hard\libcr_eabihelpers.a(memcpy.o)
                0x60005c0a                __aeabi_lowlevel_memset
 .text.__sys_close
                0x60005c3c        0x6 c:/nxp/mcuxpressoide_11.6.0_8187/ide/plugins/com.nxp.mcuxpresso.tools.win32_11.6.0.202112161359/tools/bin/../lib/gcc/arm-none-eabi/10.3.1/../../../../arm-none-eabi/lib/thumb/v7e-m+fp/hard\libcr_nohost_nf.a(__sys_close.o)
                0x60005c3c                __sys_close
 .text.__sys_flen
                0x60005c42        0x6 c:/nxp/mcuxpressoide_11.6.0_8187/ide/plugins/com.nxp.mcuxpresso.tools.win32_11.6.0.202112161359/tools/bin/../lib/gcc/arm-none-eabi/10.3.1/../../../../arm-none-eabi/lib/thumb/v7e-m+fp/hard\libcr_nohost_nf.a(__sys_flen.o)
                0x60005c42                __sys_flen
 .text.__sys_istty
                0x60005c48        0x6 c:/nxp/mcuxpressoide_11.6.0_8187/ide/plugins/com.nxp.mcuxpresso.tools.win32_11.6.0.202112161359/tools/bin/../lib/gcc/arm-none-eabi/10.3.1/../../../../arm-none-eabi/lib/thumb/v7e-m+fp/hard\libcr_nohost_nf.a(__sys_istty.o)
                0x60005c48                __sys_istty
 .text.__sys_remove
                0x60005c4e        0x6 c:/nxp/mcuxpressoide_11.6.0_8187/ide/plugins/com.nxp.mcuxpresso.tools.win32_11.6.0.202112161359/tools/bin/../lib/gcc/arm-none-eabi/10.3.1/../../../../arm-none-eabi/lib/thumb/v7e-m+fp/hard\libcr_nohost_nf.a(__sys_remove.o)
                0x60005c4e                __sys_remove
 .text.__sys_seek
                0x60005c54        0x6 c:/nxp/mcuxpressoide_11.6.0_8187/ide/plugins/com.nxp.mcuxpresso.tools.win32_11.6.0.202112161359/tools/bin/../lib/gcc/arm-none-eabi/10.3.1/../../../../arm-none-eabi/lib/thumb/v7e-m+fp/hard\libcr_nohost_nf.a(__sys_seek.o)
                0x60005c54                __sys_seek
 .text.__sys_tmpnam
                0x60005c5a        0x6 c:/nxp/mcuxpressoide_11.6.0_8187/ide/plugins/com.nxp.mcuxpresso.tools.win32_11.6.0.202112161359/tools/bin/../lib/gcc/arm-none-eabi/10.3.1/../../../../arm-none-eabi/lib/thumb/v7e-m+fp/hard\libcr_nohost_nf.a(__sys_tmpnam.o)
                0x60005c5a                __sys_tmpnam
 .text.__sys_write
                0x60005c60        0x4 c:/nxp/mcuxpressoide_11.6.0_8187/ide/plugins/com.nxp.mcuxpresso.tools.win32_11.6.0.202112161359/tools/bin/../lib/gcc/arm-none-eabi/10.3.1/../../../../arm-none-eabi/lib/thumb/v7e-m+fp/hard\libcr_nohost_nf.a(__sys_write.o)
                0x60005c60                __sys_write
 *(SORT_BY_ALIGNMENT(.rodata) SORT_BY_ALIGNMENT(.rodata.*) SORT_BY_ALIGNMENT(.constdata) SORT_BY_ALIGNMENT(.constdata.*))
 .rodata.__assertion_failed.str1.4
                0x60005c64       0x14 ./utilities/fsl_assert.o
 .rodata.main.str1.4
                0x60005c78        0xd ./source/MIMXRT1052_Project.o
 *fill*         0x60005c85        0x3 ff
 .rodata.CLOCK_InitExternalClk.str1.4
                0x60005c88       0x21 ./drivers/fsl_clock.o
 *fill*         0x60005ca9        0x3 ff
 .rodata.CLOCK_GetPllFreq.str1.4
                0x60005cac       0x6d ./drivers/fsl_clock.o
 *fill*         0x60005d19        0x3 ff
 .rodata.enetRefClkFreq.1
                0x60005d1c       0x10 ./drivers/fsl_clock.o
 .rodata.CLOCK_ControlGate.str1.4
                0x60005d2c       0x20 ./drivers/fsl_lpuart.o
 .rodata.s_lpuartBases
                0x60005d4c       0x24 ./drivers/fsl_lpuart.o
 .rodata.s_lpuartClock
                0x60005d70       0x12 ./drivers/fsl_lpuart.o
 *fill*         0x60005d82        0x2 ff
 .rodata.LPUART_GetInstance.str1.4
                0x60005d84       0x38 ./drivers/fsl_lpuart.o
 .rodata.LPUART_Init.str1.4
                0x60005dbc      0x10a ./drivers/fsl_lpuart.o
 *fill*         0x60005ec6        0x2 ff
 .rodata.LPUART_GetDefaultConfig.str1.4
                0x60005ec8       0x22 ./drivers/fsl_lpuart.o
 *fill*         0x60005eea        0x2 ff
 .rodata.LPUART_WriteBlocking.str1.4
                0x60005eec       0x20 ./drivers/fsl_lpuart.o
 .rodata.s_LpuartAdapterBase
                0x60005f0c       0x24 ./component/uart/fsl_adapter_lpuart.o
 .rodata.HAL_UartInit.str1.4
                0x60005f30      0x105 ./component/uart/fsl_adapter_lpuart.o
 *fill*         0x60006035        0x3 ff
 .rodata.HAL_UartSendBlocking.str1.4
                0x60006038       0x7b ./component/uart/fsl_adapter_lpuart.o
 *fill*         0x600060b3        0x1 ff
 .rodata.BOARD_ConfigMPU.str1.4
                0x600060b4       0x69 ./board/board.o
 *fill*         0x6000611d        0x3 ff
 .rodata.CLOCK_SetMux.str1.4
                0x60006120       0x9a ./board/clock_config.o
 *fill*         0x600061ba        0x2 ff
 .rodata.CLOCK_SetDiv.str1.4
                0x600061bc       0x9a ./board/clock_config.o
 *fill*         0x60006256        0x2 ff
 .rodata.CLOCK_ControlGate.str1.4
                0x60006258       0x89 ./board/clock_config.o
 *fill*         0x600062e1        0x3 ff
 .rodata.armPllConfig_BOARD_BootClockRUN
                0x600062e4        0x8 ./board/clock_config.o
                0x600062e4                armPllConfig_BOARD_BootClockRUN
 .rodata.sysPllConfig_BOARD_BootClockRUN
                0x600062ec       0x14 ./board/clock_config.o
                0x600062ec                sysPllConfig_BOARD_BootClockRUN
 .rodata.CLOCK_ControlGate.str1.4
                0x60006300       0x89 ./board/pin_mux.o
 .rodata.__num_Ciob_streams
                0x60006300        0x4 c:/nxp/mcuxpressoide_11.6.0_8187/ide/plugins/com.nxp.mcuxpresso.tools.win32_11.6.0.202112161359/tools/bin/../lib/gcc/arm-none-eabi/10.3.1/../../../../arm-none-eabi/lib/thumb/v7e-m+fp/hard\libcr_nohost_nf.a(__ciob.o)
                0x60006300                __num_Ciob_streams
 .rodata._initio.str1.1
                0x60006304        0x4 c:/nxp/mcuxpressoide_11.6.0_8187/ide/plugins/com.nxp.mcuxpresso.tools.win32_11.6.0.202112161359/tools/bin/../lib/gcc/arm-none-eabi/10.3.1/../../../../arm-none-eabi/lib/thumb/v7e-m+fp/hard\libcr_c.a(initio.o)
                0x6000638c                . = ALIGN (0x4)
                0x60006308                _etext = .

.glue_7         0x60006308        0x0
 .glue_7        0x60006308        0x0 linker stubs

.glue_7t        0x60006308        0x0
 .glue_7t       0x60006308        0x0 linker stubs

.vfp11_veneer   0x60006308        0x0
 .vfp11_veneer  0x60006308        0x0 linker stubs

.v4_bx          0x60006308        0x0
 .v4_bx         0x60006308        0x0 linker stubs

.iplt           0x60006308        0x0
 .iplt          0x60006308        0x0 ./xip/fsl_flexspi_nor_boot.o

.rel.dyn        0x60006308        0x0
 .rel.iplt      0x60006308        0x0 ./xip/fsl_flexspi_nor_boot.o

.data_RAM2      0x00000000        0x0 load address 0x60006308
 FILL mask 0xff
                [!provide]                PROVIDE (__start_data_RAM2 = .)
                [!provide]                PROVIDE (__start_data_SRAM_ITC = .)
 *(SORT_BY_ALIGNMENT(.ramfunc.$RAM2))
 *(SORT_BY_ALIGNMENT(.ramfunc.$SRAM_ITC))
 *(SORT_BY_ALIGNMENT(.data.$RAM2))
 *(SORT_BY_ALIGNMENT(.data.$SRAM_ITC))
 *(SORT_BY_ALIGNMENT(.data.$RAM2.*))
 *(SORT_BY_ALIGNMENT(.data.$SRAM_ITC.*))
                0x00000000                . = ALIGN (0x4)
                [!provide]                PROVIDE (__end_data_RAM2 = .)
                [!provide]                PROVIDE (__end_data_SRAM_ITC = .)

.data_RAM3      0x20200000        0x0 load address 0x60006308
 FILL mask 0xff
                [!provide]                PROVIDE (__start_data_RAM3 = .)
                [!provide]                PROVIDE (__start_data_SRAM_OC = .)
 *(SORT_BY_ALIGNMENT(.ramfunc.$RAM3))
 *(SORT_BY_ALIGNMENT(.ramfunc.$SRAM_OC))
 *(SORT_BY_ALIGNMENT(.data.$RAM3))
 *(SORT_BY_ALIGNMENT(.data.$SRAM_OC))
 *(SORT_BY_ALIGNMENT(.data.$RAM3.*))
 *(SORT_BY_ALIGNMENT(.data.$SRAM_OC.*))
                0x20200000                . = ALIGN (0x4)
                [!provide]                PROVIDE (__end_data_RAM3 = .)
                [!provide]                PROVIDE (__end_data_SRAM_OC = .)

.data_RAM4      0x80000000        0x0 load address 0x60006308
 FILL mask 0xff
                [!provide]                PROVIDE (__start_data_RAM4 = .)
                [!provide]                PROVIDE (__start_data_BOARD_SDRAM = .)
 *(SORT_BY_ALIGNMENT(.ramfunc.$RAM4))
 *(SORT_BY_ALIGNMENT(.ramfunc.$BOARD_SDRAM))
 *(SORT_BY_ALIGNMENT(.data.$RAM4))
 *(SORT_BY_ALIGNMENT(.data.$BOARD_SDRAM))
 *(SORT_BY_ALIGNMENT(.data.$RAM4.*))
 *(SORT_BY_ALIGNMENT(.data.$BOARD_SDRAM.*))
                0x80000000                . = ALIGN (0x4)
                [!provide]                PROVIDE (__end_data_RAM4 = .)
                [!provide]                PROVIDE (__end_data_BOARD_SDRAM = .)

.data_RAM5      0x81e00000        0x0 load address 0x60006308
 FILL mask 0xff
                [!provide]                PROVIDE (__start_data_RAM5 = .)
                [!provide]                PROVIDE (__start_data_NCACHE_REGION = .)
 *(SORT_BY_ALIGNMENT(.ramfunc.$RAM5))
 *(SORT_BY_ALIGNMENT(.ramfunc.$NCACHE_REGION))
 *(SORT_BY_ALIGNMENT(.data.$RAM5))
 *(SORT_BY_ALIGNMENT(.data.$NCACHE_REGION))
 *(SORT_BY_ALIGNMENT(.data.$RAM5.*))
 *(SORT_BY_ALIGNMENT(.data.$NCACHE_REGION.*))
                0x81e00000                . = ALIGN (0x4)
                [!provide]                PROVIDE (__end_data_RAM5 = .)
                [!provide]                PROVIDE (__end_data_NCACHE_REGION = .)

.uninit_RESERVED
                0x20000000        0x0
                0x20000000                _start_uninit_RESERVED = .
 *(SORT_BY_ALIGNMENT(.bss.$RESERVED*))
                0x20000000                . = ALIGN (0x4)
                0x20000000                _end_uninit_RESERVED = .

.data           0x20000000        0x4 load address 0x60006308
 FILL mask 0xff
                0x20000000                _data = .
                [!provide]                PROVIDE (__start_data_RAM = .)
                [!provide]                PROVIDE (__start_data_SRAM_DTC = .)
 *(SORT_BY_ALIGNMENT(vtable))
 *(SORT_BY_ALIGNMENT(.ramfunc*))
 *(SORT_BY_ALIGNMENT(CodeQuickAccess))
 *(SORT_BY_ALIGNMENT(DataQuickAccess))
 *(SORT_BY_ALIGNMENT(RamFunction))
 *(SORT_BY_ALIGNMENT(.data*))
 .data.SystemCoreClock
                0x20000000        0x4 ./device/system_MIMXRT1052.o
                0x20000000                SystemCoreClock
                0x20000004                . = ALIGN (0x4)
                0x20000004                _edata = .
                [!provide]                PROVIDE (__end_data_RAM = .)
                [!provide]                PROVIDE (__end_data_SRAM_DTC = .)

.igot.plt       0x20000004        0x0 load address 0x6000630c
 .igot.plt      0x20000004        0x0 ./xip/fsl_flexspi_nor_boot.o

.bss_RAM2       0x00000000        0x0
                [!provide]                PROVIDE (__start_bss_RAM2 = .)
                [!provide]                PROVIDE (__start_bss_SRAM_ITC = .)
 *(SORT_BY_ALIGNMENT(.bss.$RAM2))
 *(SORT_BY_ALIGNMENT(.bss.$SRAM_ITC))
 *(SORT_BY_ALIGNMENT(.bss.$RAM2.*))
 *(SORT_BY_ALIGNMENT(.bss.$SRAM_ITC.*))
                0x00000000                . = ALIGN ((. != 0x0)?0x4:0x1)
                [!provide]                PROVIDE (__end_bss_RAM2 = .)
                [!provide]                PROVIDE (__end_bss_SRAM_ITC = .)

.bss_RAM3       0x20200000        0x0
                [!provide]                PROVIDE (__start_bss_RAM3 = .)
                [!provide]                PROVIDE (__start_bss_SRAM_OC = .)
 *(SORT_BY_ALIGNMENT(.bss.$RAM3))
 *(SORT_BY_ALIGNMENT(.bss.$SRAM_OC))
 *(SORT_BY_ALIGNMENT(.bss.$RAM3.*))
 *(SORT_BY_ALIGNMENT(.bss.$SRAM_OC.*))
                0x20200000                . = ALIGN ((. != 0x0)?0x4:0x1)
                [!provide]                PROVIDE (__end_bss_RAM3 = .)
                [!provide]                PROVIDE (__end_bss_SRAM_OC = .)

.bss_RAM4       0x80000000        0x0
                [!provide]                PROVIDE (__start_bss_RAM4 = .)
                [!provide]                PROVIDE (__start_bss_BOARD_SDRAM = .)
 *(SORT_BY_ALIGNMENT(.bss.$RAM4))
 *(SORT_BY_ALIGNMENT(.bss.$BOARD_SDRAM))
 *(SORT_BY_ALIGNMENT(.bss.$RAM4.*))
 *(SORT_BY_ALIGNMENT(.bss.$BOARD_SDRAM.*))
                0x80000000                . = ALIGN ((. != 0x0)?0x4:0x1)
                [!provide]                PROVIDE (__end_bss_RAM4 = .)
                [!provide]                PROVIDE (__end_bss_BOARD_SDRAM = .)

.bss_RAM5       0x81e00000        0x0
                [!provide]                PROVIDE (__start_bss_RAM5 = .)
                [!provide]                PROVIDE (__start_bss_NCACHE_REGION = .)
 *(SORT_BY_ALIGNMENT(.bss.$RAM5))
 *(SORT_BY_ALIGNMENT(.bss.$NCACHE_REGION))
 *(SORT_BY_ALIGNMENT(.bss.$RAM5.*))
 *(SORT_BY_ALIGNMENT(.bss.$NCACHE_REGION.*))
                0x81e00000                . = ALIGN ((. != 0x0)?0x4:0x1)
                [!provide]                PROVIDE (__end_bss_RAM5 = .)
                [!provide]                PROVIDE (__end_bss_NCACHE_REGION = .)

.bss            0x20000004      0x114
                0x20000004                _bss = .
                [!provide]                PROVIDE (__start_bss_RAM = .)
                [!provide]                PROVIDE (__start_bss_SRAM_DTC = .)
 *(SORT_BY_ALIGNMENT(.bss*))
 .bss.s_debugConsoleState
                0x20000004       0x20 ./utilities/fsl_debug_console.o
 .bss.g_serialHandle
                0x20000024        0x4 ./utilities/fsl_debug_console.o
                0x20000024                g_serialHandle
 .bss.i.0       0x20000028        0x4 ./source/MIMXRT1052_Project.o
 .bss.g_xtalFreq
                0x2000002c        0x4 ./drivers/fsl_clock.o
                0x2000002c                g_xtalFreq
 .bss.g_rtcXtalFreq
                0x20000030        0x4 ./drivers/fsl_clock.o
                0x20000030                g_rtcXtalFreq
 .bss.s_lpuartHandle
                0x20000034       0x24 ./drivers/fsl_lpuart.o
                0x20000034                s_lpuartHandle
 .bss.s_lpuartIsr
                0x20000058        0x4 ./drivers/fsl_lpuart.o
                0x20000058                s_lpuartIsr
 .bss.errno     0x2000005c        0x4 c:/nxp/mcuxpressoide_11.6.0_8187/ide/plugins/com.nxp.mcuxpresso.tools.win32_11.6.0.202112161359/tools/bin/../lib/gcc/arm-none-eabi/10.3.1/../../../../arm-none-eabi/lib/thumb/v7e-m+fp/hard\libcr_c.a(errno.o)
                0x2000005c                errno
 .bss.__Ciob    0x20000060       0xb4 c:/nxp/mcuxpressoide_11.6.0_8187/ide/plugins/com.nxp.mcuxpresso.tools.win32_11.6.0.202112161359/tools/bin/../lib/gcc/arm-none-eabi/10.3.1/../../../../arm-none-eabi/lib/thumb/v7e-m+fp/hard\libcr_nohost_nf.a(__ciob.o)
                0x20000060                __Ciob
 .bss.s_debugConsoleReadWaitSemaphore
                0x20000114        0x1 ./utilities/fsl_debug_console.o
 *(SORT_BY_ALIGNMENT(COMMON))
                0x20000118                . = ALIGN (0x4)
 *fill*         0x20000115        0x3 
                0x20000118                _ebss = .
                [!provide]                PROVIDE (__end_bss_RAM = .)
                [!provide]                PROVIDE (__end_bss_SRAM_DTC = .)
                [!provide]                PROVIDE (end = .)

.noinit_RAM2    0x00000000        0x0
                [!provide]                PROVIDE (__start_noinit_RAM2 = .)
                [!provide]                PROVIDE (__start_noinit_SRAM_ITC = .)
 *(SORT_BY_ALIGNMENT(.noinit.$RAM2))
 *(SORT_BY_ALIGNMENT(.noinit.$SRAM_ITC))
 *(SORT_BY_ALIGNMENT(.noinit.$RAM2.*))
 *(SORT_BY_ALIGNMENT(.noinit.$SRAM_ITC.*))
                0x00000000                . = ALIGN (0x4)
                [!provide]                PROVIDE (__end_noinit_RAM2 = .)
                [!provide]                PROVIDE (__end_noinit_SRAM_ITC = .)

.noinit_RAM3    0x20200000        0x0
                [!provide]                PROVIDE (__start_noinit_RAM3 = .)
                [!provide]                PROVIDE (__start_noinit_SRAM_OC = .)
 *(SORT_BY_ALIGNMENT(.noinit.$RAM3))
 *(SORT_BY_ALIGNMENT(.noinit.$SRAM_OC))
 *(SORT_BY_ALIGNMENT(.noinit.$RAM3.*))
 *(SORT_BY_ALIGNMENT(.noinit.$SRAM_OC.*))
                0x20200000                . = ALIGN (0x4)
                [!provide]                PROVIDE (__end_noinit_RAM3 = .)
                [!provide]                PROVIDE (__end_noinit_SRAM_OC = .)

.noinit_RAM4    0x80000000        0x0
                [!provide]                PROVIDE (__start_noinit_RAM4 = .)
                [!provide]                PROVIDE (__start_noinit_BOARD_SDRAM = .)
 *(SORT_BY_ALIGNMENT(.noinit.$RAM4))
 *(SORT_BY_ALIGNMENT(.noinit.$BOARD_SDRAM))
 *(SORT_BY_ALIGNMENT(.noinit.$RAM4.*))
 *(SORT_BY_ALIGNMENT(.noinit.$BOARD_SDRAM.*))
                0x80000000                . = ALIGN (0x4)
                [!provide]                PROVIDE (__end_noinit_RAM4 = .)
                [!provide]                PROVIDE (__end_noinit_BOARD_SDRAM = .)

.noinit_RAM5    0x81e00000        0x0
                [!provide]                PROVIDE (__start_noinit_RAM5 = .)
                [!provide]                PROVIDE (__start_noinit_NCACHE_REGION = .)
 *(SORT_BY_ALIGNMENT(.noinit.$RAM5))
 *(SORT_BY_ALIGNMENT(.noinit.$NCACHE_REGION))
 *(SORT_BY_ALIGNMENT(.noinit.$RAM5.*))
 *(SORT_BY_ALIGNMENT(.noinit.$NCACHE_REGION.*))
                0x81e00000                . = ALIGN (0x4)
                [!provide]                PROVIDE (__end_noinit_RAM5 = .)
                [!provide]                PROVIDE (__end_noinit_NCACHE_REGION = .)

.noinit         0x20000118        0x0
                0x20000118                _noinit = .
                [!provide]                PROVIDE (__start_noinit_RAM = .)
                [!provide]                PROVIDE (__start_noinit_SRAM_DTC = .)
 *(SORT_BY_ALIGNMENT(.noinit*))
                0x20000118                . = ALIGN (0x4)
                0x20000118                _end_noinit = .
                [!provide]                PROVIDE (__end_noinit_RAM = .)
                [!provide]                PROVIDE (__end_noinit_SRAM_DTC = .)

.ARM.extab
 *(SORT_BY_ALIGNMENT(.ARM.extab*) SORT_BY_ALIGNMENT(.gnu.linkonce.armextab.*))

.ARM.exidx      0x6000630c        0x0
                0x6000630c                __exidx_start = .
 *(SORT_BY_ALIGNMENT(.ARM.exidx*) SORT_BY_ALIGNMENT(.gnu.linkonce.armexidx.*))
                0x6000630c                __exidx_end = .
                0x00001000                _HeapSize = 0x1000

.heap           0x20000118     0x1000
                0x20000118                _pvHeapStart = .
                0x20001118                . = (. + _HeapSize)
 *fill*         0x20000118     0x1000 
                0x20001118                . = ALIGN (0x4)
                0x20001118                _pvHeapLimit = .
                0x00001000                _StackSize = 0x1000

.heap2stackfill
                0x20001118     0x1000
                0x20002118                . = (. + _StackSize)
 *fill*         0x20001118     0x1000 

.stack          0x2001f000        0x0
                0x2001f000                _vStackBase = .
                0x2001f000                . = ALIGN (0x4)
                0x20020000                _vStackTop = (. + _StackSize)
                0x60002000                _image_start = LOADADDR (.text)
                0x6000630c                _image_end = (LOADADDR (.data) + SIZEOF (.data))
                0x0000430c                _image_size = (_image_end - _image_start)
OUTPUT(MIMXRT1052_Project.axf elf32-littlearm)
LOAD linker stubs

.debug_info     0x00000000     0xd9d8
 .debug_info    0x00000000      0x83b ./xip/evkbimxrt1050_flexspi_nor_config.o
 .debug_info    0x0000083b      0x463 ./xip/fsl_flexspi_nor_boot.o
 .debug_info    0x00000c9e       0xaa ./utilities/fsl_assert.o
 .debug_info    0x00000d48      0xc42 ./utilities/fsl_debug_console.o
 .debug_info    0x0000198a      0xafc ./utilities/fsl_str.o
 .debug_info    0x00002486      0xdcb ./startup/startup_mimxrt1052.o
 .debug_info    0x00003251       0xaa ./source/MIMXRT1052_Project.o
 .debug_info    0x000032fb       0x3c ./source/semihost_hardfault.o
 .debug_info    0x00003337     0x24da ./drivers/fsl_clock.o
 .debug_info    0x00005811     0x2675 ./drivers/fsl_lpuart.o
 .debug_info    0x00007e86      0xc53 ./device/system_MIMXRT1052.o
 .debug_info    0x00008ad9      0xaeb ./component/uart/fsl_adapter_lpuart.o
 .debug_info    0x000095c4      0xca2 ./component/serial_manager/fsl_component_serial_manager.o
 .debug_info    0x0000a266      0x472 ./component/serial_manager/fsl_component_serial_port_uart.o
 .debug_info    0x0000a6d8      0xfa4 ./board/board.o
 .debug_info    0x0000b67c     0x19c3 ./board/clock_config.o
 .debug_info    0x0000d03f       0x4e ./board/peripherals.o
 .debug_info    0x0000d08d      0x94b ./board/pin_mux.o

.debug_abbrev   0x00000000     0x1f4b
 .debug_abbrev  0x00000000      0x10a ./xip/evkbimxrt1050_flexspi_nor_config.o
 .debug_abbrev  0x0000010a       0xe2 ./xip/fsl_flexspi_nor_boot.o
 .debug_abbrev  0x000001ec       0x66 ./utilities/fsl_assert.o
 .debug_abbrev  0x00000252      0x232 ./utilities/fsl_debug_console.o
 .debug_abbrev  0x00000484      0x24d ./utilities/fsl_str.o
 .debug_abbrev  0x000006d1      0x152 ./startup/startup_mimxrt1052.o
 .debug_abbrev  0x00000823       0x61 ./source/MIMXRT1052_Project.o
 .debug_abbrev  0x00000884       0x31 ./source/semihost_hardfault.o
 .debug_abbrev  0x000008b5      0x33b ./drivers/fsl_clock.o
 .debug_abbrev  0x00000bf0      0x468 ./drivers/fsl_lpuart.o
 .debug_abbrev  0x00001058      0x16e ./device/system_MIMXRT1052.o
 .debug_abbrev  0x000011c6      0x1ad ./component/uart/fsl_adapter_lpuart.o
 .debug_abbrev  0x00001373      0x299 ./component/serial_manager/fsl_component_serial_manager.o
 .debug_abbrev  0x0000160c      0x167 ./component/serial_manager/fsl_component_serial_port_uart.o
 .debug_abbrev  0x00001773      0x296 ./board/board.o
 .debug_abbrev  0x00001a09      0x2b5 ./board/clock_config.o
 .debug_abbrev  0x00001cbe       0x4b ./board/peripherals.o
 .debug_abbrev  0x00001d09      0x242 ./board/pin_mux.o

.debug_aranges  0x00000000      0xd68
 .debug_aranges
                0x00000000       0x18 ./xip/evkbimxrt1050_flexspi_nor_config.o
 .debug_aranges
                0x00000018       0x18 ./xip/fsl_flexspi_nor_boot.o
 .debug_aranges
                0x00000030       0x20 ./utilities/fsl_assert.o
 .debug_aranges
                0x00000050       0xa8 ./utilities/fsl_debug_console.o
 .debug_aranges
                0x000000f8       0xb8 ./utilities/fsl_str.o
 .debug_aranges
                0x000001b0      0x540 ./startup/startup_mimxrt1052.o
 .debug_aranges
                0x000006f0       0x20 ./source/MIMXRT1052_Project.o
 .debug_aranges
                0x00000710       0x20 ./source/semihost_hardfault.o
 .debug_aranges
                0x00000730      0x1b0 ./drivers/fsl_clock.o
 .debug_aranges
                0x000008e0      0x188 ./drivers/fsl_lpuart.o
 .debug_aranges
                0x00000a68       0x30 ./device/system_MIMXRT1052.o
 .debug_aranges
                0x00000a98       0x58 ./component/uart/fsl_adapter_lpuart.o
 .debug_aranges
                0x00000af0       0xa0 ./component/serial_manager/fsl_component_serial_manager.o
 .debug_aranges
                0x00000b90       0x48 ./component/serial_manager/fsl_component_serial_port_uart.o
 .debug_aranges
                0x00000bd8       0x58 ./board/board.o
 .debug_aranges
                0x00000c30       0x80 ./board/clock_config.o
 .debug_aranges
                0x00000cb0       0x28 ./board/peripherals.o
 .debug_aranges
                0x00000cd8       0x90 ./board/pin_mux.o

.debug_macro    0x00000000    0x2c041
 .debug_macro   0x00000000      0x142 ./xip/evkbimxrt1050_flexspi_nor_config.o
 .debug_macro   0x00000142      0xaba ./xip/evkbimxrt1050_flexspi_nor_config.o
 .debug_macro   0x00000bfc       0x10 ./xip/evkbimxrt1050_flexspi_nor_config.o
 .debug_macro   0x00000c0c      0x12e ./xip/evkbimxrt1050_flexspi_nor_config.o
 .debug_macro   0x00000d3a      0x5b3 ./xip/evkbimxrt1050_flexspi_nor_config.o
 .debug_macro   0x000012ed       0x22 ./xip/evkbimxrt1050_flexspi_nor_config.o
 .debug_macro   0x0000130f       0x16 ./xip/evkbimxrt1050_flexspi_nor_config.o
 .debug_macro   0x00001325       0x22 ./xip/evkbimxrt1050_flexspi_nor_config.o
 .debug_macro   0x00001347       0x10 ./xip/evkbimxrt1050_flexspi_nor_config.o
 .debug_macro   0x00001357       0x4d ./xip/evkbimxrt1050_flexspi_nor_config.o
 .debug_macro   0x000013a4       0x1c ./xip/evkbimxrt1050_flexspi_nor_config.o
 .debug_macro   0x000013c0       0x22 ./xip/evkbimxrt1050_flexspi_nor_config.o
 .debug_macro   0x000013e2       0xfb ./xip/evkbimxrt1050_flexspi_nor_config.o
 .debug_macro   0x000014dd     0x1313 ./xip/evkbimxrt1050_flexspi_nor_config.o
 .debug_macro   0x000027f0      0x11f ./xip/evkbimxrt1050_flexspi_nor_config.o
 .debug_macro   0x0000290f       0x22 ./xip/evkbimxrt1050_flexspi_nor_config.o
 .debug_macro   0x00002931       0x22 ./xip/evkbimxrt1050_flexspi_nor_config.o
 .debug_macro   0x00002953    0x24b4c ./xip/evkbimxrt1050_flexspi_nor_config.o
 .debug_macro   0x0002749f      0x841 ./xip/evkbimxrt1050_flexspi_nor_config.o
 .debug_macro   0x00027ce0       0x7a ./xip/evkbimxrt1050_flexspi_nor_config.o
 .debug_macro   0x00027d5a       0xaf ./xip/evkbimxrt1050_flexspi_nor_config.o
 .debug_macro   0x00027e09      0x24e ./xip/evkbimxrt1050_flexspi_nor_config.o
 .debug_macro   0x00028057      0x1a4 ./xip/evkbimxrt1050_flexspi_nor_config.o
 .debug_macro   0x000281fb      0x167 ./xip/fsl_flexspi_nor_boot.o
 .debug_macro   0x00028362      0x130 ./xip/fsl_flexspi_nor_boot.o
 .debug_macro   0x00028492       0x10 ./xip/fsl_flexspi_nor_boot.o
 .debug_macro   0x000284a2      0x16c ./xip/fsl_flexspi_nor_boot.o
 .debug_macro   0x0002860e       0x7c ./xip/fsl_flexspi_nor_boot.o
 .debug_macro   0x0002868a      0x16b ./utilities/fsl_assert.o
 .debug_macro   0x000287f5       0x1c ./utilities/fsl_assert.o
 .debug_macro   0x00028811       0x70 ./utilities/fsl_assert.o
 .debug_macro   0x00028881       0x46 ./utilities/fsl_assert.o
 .debug_macro   0x000288c7       0x16 ./utilities/fsl_assert.o
 .debug_macro   0x000288dd       0x6d ./utilities/fsl_assert.o
 .debug_macro   0x0002894a       0x16 ./utilities/fsl_assert.o
 .debug_macro   0x00028960       0x1c ./utilities/fsl_assert.o
 .debug_macro   0x0002897c       0x1c ./utilities/fsl_assert.o
 .debug_macro   0x00028998      0x1e3 ./utilities/fsl_debug_console.o
 .debug_macro   0x00028b7b       0x16 ./utilities/fsl_debug_console.o
 .debug_macro   0x00028b91       0x10 ./utilities/fsl_debug_console.o
 .debug_macro   0x00028ba1       0x28 ./utilities/fsl_debug_console.o
 .debug_macro   0x00028bc9       0x50 ./utilities/fsl_debug_console.o
 .debug_macro   0x00028c19       0x1c ./utilities/fsl_debug_console.o
 .debug_macro   0x00028c35      0x169 ./utilities/fsl_str.o
 .debug_macro   0x00028d9e       0xc4 ./utilities/fsl_str.o
 .debug_macro   0x00028e62      0x1c7 ./utilities/fsl_str.o
 .debug_macro   0x00029029       0x56 ./utilities/fsl_str.o
 .debug_macro   0x0002907f       0x29 ./startup/startup_mimxrt1052.o
 .debug_macro   0x000290a8      0x1c4 ./source/MIMXRT1052_Project.o
 .debug_macro   0x0002926c       0xd8 ./source/MIMXRT1052_Project.o
 .debug_macro   0x00029344      0x12a ./source/MIMXRT1052_Project.o
 .debug_macro   0x0002946e      0x7f4 ./source/MIMXRT1052_Project.o
 .debug_macro   0x00029c62       0x11 ./source/semihost_hardfault.o
 .debug_macro   0x00029c73      0x12d ./drivers/fsl_clock.o
 .debug_macro   0x00029da0      0x13c ./drivers/fsl_lpuart.o
 .debug_macro   0x00029edc       0x10 ./drivers/fsl_lpuart.o
 .debug_macro   0x00029eec       0xb3 ./device/system_MIMXRT1052.o
 .debug_macro   0x00029f9f      0x155 ./component/uart/fsl_adapter_lpuart.o
 .debug_macro   0x0002a0f4       0x40 ./component/uart/fsl_adapter_lpuart.o
 .debug_macro   0x0002a134      0x1a6 ./component/serial_manager/fsl_component_serial_manager.o
 .debug_macro   0x0002a2da       0x6a ./component/serial_manager/fsl_component_serial_manager.o
 .debug_macro   0x0002a344      0x16a ./component/serial_manager/fsl_component_serial_port_uart.o
 .debug_macro   0x0002a4ae      0x199 ./board/board.o
 .debug_macro   0x0002a647     0x1764 ./board/board.o
 .debug_macro   0x0002bdab      0x13f ./board/clock_config.o
 .debug_macro   0x0002beea       0x1b ./board/peripherals.o
 .debug_macro   0x0002bf05      0x13c ./board/pin_mux.o

.debug_line     0x00000000     0x9132
 .debug_line    0x00000000      0x408 ./xip/evkbimxrt1050_flexspi_nor_config.o
 .debug_line    0x00000408      0x482 ./xip/fsl_flexspi_nor_boot.o
 .debug_line    0x0000088a      0x556 ./utilities/fsl_assert.o
 .debug_line    0x00000de0      0x967 ./utilities/fsl_debug_console.o
 .debug_line    0x00001747      0xb78 ./utilities/fsl_str.o
 .debug_line    0x000022bf      0xf45 ./startup/startup_mimxrt1052.o
 .debug_line    0x00003204      0x694 ./source/MIMXRT1052_Project.o
 .debug_line    0x00003898       0x59 ./source/semihost_hardfault.o
 .debug_line    0x000038f1     0x11c5 ./drivers/fsl_clock.o
 .debug_line    0x00004ab6     0x145b ./drivers/fsl_lpuart.o
 .debug_line    0x00005f11      0x506 ./device/system_MIMXRT1052.o
 .debug_line    0x00006417      0x5b4 ./component/uart/fsl_adapter_lpuart.o
 .debug_line    0x000069cb      0x86f ./component/serial_manager/fsl_component_serial_manager.o
 .debug_line    0x0000723a      0x610 ./component/serial_manager/fsl_component_serial_port_uart.o
 .debug_line    0x0000784a      0x9fa ./board/board.o
 .debug_line    0x00008244      0x818 ./board/clock_config.o
 .debug_line    0x00008a5c       0x71 ./board/peripherals.o
 .debug_line    0x00008acd      0x665 ./board/pin_mux.o

.debug_str      0x00000000   0x15e319
 .debug_str     0x00000000   0x141d2f ./xip/evkbimxrt1050_flexspi_nor_config.o
                             0x141dbe (size before relaxing)
 .debug_str     0x00141d2f     0x15a3 ./xip/fsl_flexspi_nor_boot.o
                             0x1424ea (size before relaxing)
 .debug_str     0x001432d2      0xb65 ./utilities/fsl_assert.o
                             0x141130 (size before relaxing)
 .debug_str     0x00143e37      0xc62 ./utilities/fsl_debug_console.o
                             0x142745 (size before relaxing)
 .debug_str     0x00144a99      0xc0a ./utilities/fsl_str.o
                             0x141466 (size before relaxing)
 .debug_str     0x001456a3      0xdb3 ./startup/startup_mimxrt1052.o
                               0x3c1a (size before relaxing)
 .debug_str     0x00146456     0x356f ./source/MIMXRT1052_Project.o
                             0x145881 (size before relaxing)
 .debug_str     0x001499c5       0x1f ./source/semihost_hardfault.o
                               0x2e22 (size before relaxing)
 .debug_str     0x001499e4     0x1a62 ./drivers/fsl_clock.o
                             0x142a6b (size before relaxing)
 .debug_str     0x0014b446     0x21e1 ./drivers/fsl_lpuart.o
                             0x1433c3 (size before relaxing)
 .debug_str     0x0014d627      0x1f3 ./device/system_MIMXRT1052.o
                             0x13dbd3 (size before relaxing)
 .debug_str     0x0014d81a      0x360 ./component/uart/fsl_adapter_lpuart.o
                             0x1419b9 (size before relaxing)
 .debug_str     0x0014db7a      0x528 ./component/serial_manager/fsl_component_serial_manager.o
                             0x14229a (size before relaxing)
 .debug_str     0x0014e0a2      0x106 ./component/serial_manager/fsl_component_serial_port_uart.o
                             0x1414cd (size before relaxing)
 .debug_str     0x0014e1a8     0xfbb3 ./board/board.o
                             0x152757 (size before relaxing)
 .debug_str     0x0015dd5b      0x425 ./board/clock_config.o
                             0x152760 (size before relaxing)
 .debug_str     0x0015e180       0x47 ./board/peripherals.o
                               0x2e49 (size before relaxing)
 .debug_str     0x0015e1c7      0x152 ./board/pin_mux.o
                             0x153bf1 (size before relaxing)

.comment        0x00000000       0x49
 .comment       0x00000000       0x49 ./xip/evkbimxrt1050_flexspi_nor_config.o
                                 0x4a (size before relaxing)
 .comment       0x00000049       0x4a ./xip/fsl_flexspi_nor_boot.o
 .comment       0x00000049       0x4a ./utilities/fsl_assert.o
 .comment       0x00000049       0x4a ./utilities/fsl_debug_console.o
 .comment       0x00000049       0x4a ./utilities/fsl_str.o
 .comment       0x00000049       0x4a ./startup/startup_mimxrt1052.o
 .comment       0x00000049       0x4a ./source/MIMXRT1052_Project.o
 .comment       0x00000049       0x4a ./source/semihost_hardfault.o
 .comment       0x00000049       0x4a ./drivers/fsl_clock.o
 .comment       0x00000049       0x4a ./drivers/fsl_lpuart.o
 .comment       0x00000049       0x4a ./device/system_MIMXRT1052.o
 .comment       0x00000049       0x4a ./component/uart/fsl_adapter_lpuart.o
 .comment       0x00000049       0x4a ./component/serial_manager/fsl_component_serial_manager.o
 .comment       0x00000049       0x4a ./component/serial_manager/fsl_component_serial_port_uart.o
 .comment       0x00000049       0x4a ./board/board.o
 .comment       0x00000049       0x4a ./board/clock_config.o
 .comment       0x00000049       0x4a ./board/peripherals.o
 .comment       0x00000049       0x4a ./board/pin_mux.o
 .comment       0x00000049       0x4a c:/nxp/mcuxpressoide_11.6.0_8187/ide/plugins/com.nxp.mcuxpresso.tools.win32_11.6.0.202112161359/tools/bin/../lib/gcc/arm-none-eabi/10.3.1/../../../../arm-none-eabi/lib/thumb/v7e-m+fp/hard\libcr_nohost_nf.a(_cr__main.o)
 .comment       0x00000049       0x4a c:/nxp/mcuxpressoide_11.6.0_8187/ide/plugins/com.nxp.mcuxpresso.tools.win32_11.6.0.202112161359/tools/bin/../lib/gcc/arm-none-eabi/10.3.1/../../../../arm-none-eabi/lib/thumb/v7e-m+fp/hard\libcr_c.a(memcpy.o)
 .comment       0x00000049       0x4a c:/nxp/mcuxpressoide_11.6.0_8187/ide/plugins/com.nxp.mcuxpresso.tools.win32_11.6.0.202112161359/tools/bin/../lib/gcc/arm-none-eabi/10.3.1/../../../../arm-none-eabi/lib/thumb/v7e-m+fp/hard\libcr_c.a(memset.o)